Archive member included to satisfy reference by file (symbol)

C:/ST/STM32CubeIDE_1.13.2/STM32CubeIDE/plugins/com.st.stm32cube.ide.mcu.externaltools.gnu-tools-for-stm32.11.3.rel1.win32_1.1.100.202309141235/tools/bin/../lib/gcc/arm-none-eabi/11.3.1/../../../../arm-none-eabi/lib/thumb/v7e-m+fp/hard\libc_nano.a(libc_a-atoi.o)
                              ./Application/Src/console.o (atoi)
C:/ST/STM32CubeIDE_1.13.2/STM32CubeIDE/plugins/com.st.stm32cube.ide.mcu.externaltools.gnu-tools-for-stm32.11.3.rel1.win32_1.1.100.202309141235/tools/bin/../lib/gcc/arm-none-eabi/11.3.1/../../../../arm-none-eabi/lib/thumb/v7e-m+fp/hard\libc_nano.a(libc_a-exit.o)
                              C:/ST/STM32CubeIDE_1.13.2/STM32CubeIDE/plugins/com.st.stm32cube.ide.mcu.externaltools.gnu-tools-for-stm32.11.3.rel1.win32_1.1.100.202309141235/tools/bin/../lib/gcc/arm-none-eabi/11.3.1/../../../../arm-none-eabi/lib/thumb/v7e-m+fp/hard/crt0.o (exit)
C:/ST/STM32CubeIDE_1.13.2/STM32CubeIDE/plugins/com.st.stm32cube.ide.mcu.externaltools.gnu-tools-for-stm32.11.3.rel1.win32_1.1.100.202309141235/tools/bin/../lib/gcc/arm-none-eabi/11.3.1/../../../../arm-none-eabi/lib/thumb/v7e-m+fp/hard\libc_nano.a(libc_a-strtol.o)
                              C:/ST/STM32CubeIDE_1.13.2/STM32CubeIDE/plugins/com.st.stm32cube.ide.mcu.externaltools.gnu-tools-for-stm32.11.3.rel1.win32_1.1.100.202309141235/tools/bin/../lib/gcc/arm-none-eabi/11.3.1/../../../../arm-none-eabi/lib/thumb/v7e-m+fp/hard\libc_nano.a(libc_a-atoi.o) (_strtol_r)
C:/ST/STM32CubeIDE_1.13.2/STM32CubeIDE/plugins/com.st.stm32cube.ide.mcu.externaltools.gnu-tools-for-stm32.11.3.rel1.win32_1.1.100.202309141235/tools/bin/../lib/gcc/arm-none-eabi/11.3.1/../../../../arm-none-eabi/lib/thumb/v7e-m+fp/hard\libc_nano.a(libc_a-ctype_.o)
                              C:/ST/STM32CubeIDE_1.13.2/STM32CubeIDE/plugins/com.st.stm32cube.ide.mcu.externaltools.gnu-tools-for-stm32.11.3.rel1.win32_1.1.100.202309141235/tools/bin/../lib/gcc/arm-none-eabi/11.3.1/../../../../arm-none-eabi/lib/thumb/v7e-m+fp/hard\libc_nano.a(libc_a-strtol.o) (_ctype_)
C:/ST/STM32CubeIDE_1.13.2/STM32CubeIDE/plugins/com.st.stm32cube.ide.mcu.externaltools.gnu-tools-for-stm32.11.3.rel1.win32_1.1.100.202309141235/tools/bin/../lib/gcc/arm-none-eabi/11.3.1/../../../../arm-none-eabi/lib/thumb/v7e-m+fp/hard\libc_nano.a(libc_a-findfp.o)
                              C:/ST/STM32CubeIDE_1.13.2/STM32CubeIDE/plugins/com.st.stm32cube.ide.mcu.externaltools.gnu-tools-for-stm32.11.3.rel1.win32_1.1.100.202309141235/tools/bin/../lib/gcc/arm-none-eabi/11.3.1/../../../../arm-none-eabi/lib/thumb/v7e-m+fp/hard\libc_nano.a(libc_a-exit.o) (__stdio_exit_handler)
C:/ST/STM32CubeIDE_1.13.2/STM32CubeIDE/plugins/com.st.stm32cube.ide.mcu.externaltools.gnu-tools-for-stm32.11.3.rel1.win32_1.1.100.202309141235/tools/bin/../lib/gcc/arm-none-eabi/11.3.1/../../../../arm-none-eabi/lib/thumb/v7e-m+fp/hard\libc_nano.a(libc_a-fwalk.o)
                              C:/ST/STM32CubeIDE_1.13.2/STM32CubeIDE/plugins/com.st.stm32cube.ide.mcu.externaltools.gnu-tools-for-stm32.11.3.rel1.win32_1.1.100.202309141235/tools/bin/../lib/gcc/arm-none-eabi/11.3.1/../../../../arm-none-eabi/lib/thumb/v7e-m+fp/hard\libc_nano.a(libc_a-findfp.o) (_fwalk_sglue)
C:/ST/STM32CubeIDE_1.13.2/STM32CubeIDE/plugins/com.st.stm32cube.ide.mcu.externaltools.gnu-tools-for-stm32.11.3.rel1.win32_1.1.100.202309141235/tools/bin/../lib/gcc/arm-none-eabi/11.3.1/../../../../arm-none-eabi/lib/thumb/v7e-m+fp/hard\libc_nano.a(libc_a-snprintf.o)
                              ./ssd1306/ssd1306_tests.o (snprintf)
C:/ST/STM32CubeIDE_1.13.2/STM32CubeIDE/plugins/com.st.stm32cube.ide.mcu.externaltools.gnu-tools-for-stm32.11.3.rel1.win32_1.1.100.202309141235/tools/bin/../lib/gcc/arm-none-eabi/11.3.1/../../../../arm-none-eabi/lib/thumb/v7e-m+fp/hard\libc_nano.a(libc_a-sprintf.o)
                              ./Application/Src/displayFunctions.o (sprintf)
C:/ST/STM32CubeIDE_1.13.2/STM32CubeIDE/plugins/com.st.stm32cube.ide.mcu.externaltools.gnu-tools-for-stm32.11.3.rel1.win32_1.1.100.202309141235/tools/bin/../lib/gcc/arm-none-eabi/11.3.1/../../../../arm-none-eabi/lib/thumb/v7e-m+fp/hard\libc_nano.a(libc_a-stdio.o)
                              C:/ST/STM32CubeIDE_1.13.2/STM32CubeIDE/plugins/com.st.stm32cube.ide.mcu.externaltools.gnu-tools-for-stm32.11.3.rel1.win32_1.1.100.202309141235/tools/bin/../lib/gcc/arm-none-eabi/11.3.1/../../../../arm-none-eabi/lib/thumb/v7e-m+fp/hard\libc_nano.a(libc_a-findfp.o) (__sread)
C:/ST/STM32CubeIDE_1.13.2/STM32CubeIDE/plugins/com.st.stm32cube.ide.mcu.externaltools.gnu-tools-for-stm32.11.3.rel1.win32_1.1.100.202309141235/tools/bin/../lib/gcc/arm-none-eabi/11.3.1/../../../../arm-none-eabi/lib/thumb/v7e-m+fp/hard\libc_nano.a(libc_a-memmove.o)
                              ./ssd1306/ssd1306_tests.o (memmove)
[...]
Memory Configuration

Name             Origin             Length             Attributes
CCMRAM           0x0000000010000000 0x0000000000010000 xrw
RAM              0x0000000020000000 0x0000000000020000 xrw
FLASH            0x0000000008000000 0x0000000000100000 xr
*default*        0x0000000000000000 0xffffffffffffffff

Linker script and memory map

LOAD C:/ST/STM32CubeIDE_1.13.2/STM32CubeIDE/plugins/com.st.stm32cube.ide.mcu.externaltools.gnu-tools-for-stm32.11.3.rel1.win32_1.1.100.202309141235/tools/bin/../lib/gcc/arm-none-eabi/11.3.1/thumb/v7e-m+fp/hard/crti.o
LOAD C:/ST/STM32CubeIDE_1.13.2/STM32CubeIDE/plugins/com.st.stm32cube.ide.mcu.externaltools.gnu-tools-for-stm32.11.3.rel1.win32_1.1.100.202309141235/tools/bin/../lib/gcc/arm-none-eabi/11.3.1/thumb/v7e-m+fp/hard/crtbegin.o
LOAD C:/ST/STM32CubeIDE_1.13.2/STM32CubeIDE/plugins/com.st.stm32cube.ide.mcu.externaltools.gnu-tools-for-stm32.11.3.rel1.win32_1.1.100.202309141235/tools/bin/../lib/gcc/arm-none-eabi/11.3.1/../../../../arm-none-eabi/lib/thumb/v7e-m+fp/hard/crt0.o
LOAD ./Application/Src/MPU9250.o
LOAD ./Application/Src/accelero_io.o
LOAD ./Application/Src/accelerometer.o
LOAD ./Application/Src/app.o
LOAD ./Application/Src/console.o
LOAD ./Application/Src/consoleCommands.o
LOAD ./Application/Src/consoleIO.o
LOAD ./Application/Src/displayFunctions.o
LOAD ./Application/Src/lis3dsh.o
LOAD ./Application/Src/mpu6050.o
LOAD ./Core/Src/main.o
LOAD ./Core/Src/stm32f4xx_hal_msp.o
LOAD ./Core/Src/stm32f4xx_it.o
LOAD ./Core/Src/syscalls.o
LOAD ./Core/Src/sysmem.o
LOAD ./Core/Src/system_stm32f4xx.o
LOAD ./Core/Startup/startup_stm32f407vgtx.o
LOAD ./Drivers/STM32F4xx_HAL_Driver/Src/stm32f4xx_hal.o
LOAD ./Drivers/STM32F4xx_HAL_Driver/Src/stm32f4xx_hal_cortex.o
LOAD ./Drivers/STM32F4xx_HAL_Driver/Src/stm32f4xx_hal_dma.o
LOAD ./Drivers/STM32F4xx_HAL_Driver/Src/stm32f4xx_hal_dma_ex.o
LOAD ./Drivers/STM32F4xx_HAL_Driver/Src/stm32f4xx_hal_exti.o
LOAD ./Drivers/STM32F4xx_HAL_Driver/Src/stm32f4xx_hal_flash.o
LOAD ./Drivers/STM32F4xx_HAL_Driver/Src/stm32f4xx_hal_flash_ex.o
LOAD ./Drivers/STM32F4xx_HAL_Driver/Src/stm32f4xx_hal_flash_ramfunc.o
LOAD ./Drivers/STM32F4xx_HAL_Driver/Src/stm32f4xx_hal_gpio.o
LOAD ./Drivers/STM32F4xx_HAL_Driver/Src/stm32f4xx_hal_i2c.o
LOAD ./Drivers/STM32F4xx_HAL_Driver/Src/stm32f4xx_hal_i2c_ex.o
LOAD ./Drivers/STM32F4xx_HAL_Driver/Src/stm32f4xx_hal_pcd.o
LOAD ./Drivers/STM32F4xx_HAL_Driver/Src/stm32f4xx_hal_pcd_ex.o
LOAD ./Drivers/STM32F4xx_HAL_Driver/Src/stm32f4xx_hal_pwr.o
LOAD ./Drivers/STM32F4xx_HAL_Driver/Src/stm32f4xx_hal_pwr_ex.o
LOAD ./Drivers/STM32F4xx_HAL_Driver/Src/stm32f4xx_hal_rcc.o
LOAD ./Drivers/STM32F4xx_HAL_Driver/Src/stm32f4xx_hal_rcc_ex.o
LOAD ./Drivers/STM32F4xx_HAL_Driver/Src/stm32f4xx_hal_rng.o
LOAD ./Drivers/STM32F4xx_HAL_Driver/Src/stm32f4xx_hal_spi.o
LOAD ./Drivers/STM32F4xx_HAL_Driver/Src/stm32f4xx_hal_tim.o
LOAD ./Drivers/STM32F4xx_HAL_Driver/Src/stm32f4xx_hal_tim_ex.o
LOAD ./Drivers/STM32F4xx_HAL_Driver/Src/stm32f4xx_hal_uart.o
LOAD ./Drivers/STM32F4xx_HAL_Driver/Src/stm32f4xx_ll_usb.o
LOAD ./Middlewares/ST/STM32_USB_Device_Library/Class/CDC/Src/usbd_cdc.o
LOAD ./Middlewares/ST/STM32_USB_Device_Library/Core/Src/usbd_core.o
LOAD ./Middlewares/ST/STM32_USB_Device_Library/Core/Src/usbd_ctlreq.o
LOAD ./Middlewares/ST/STM32_USB_Device_Library/Core/Src/usbd_ioreq.o
LOAD ./USB_DEVICE/App/usb_device.o
LOAD ./USB_DEVICE/App/usbd_cdc_if.o
LOAD ./USB_DEVICE/App/usbd_desc.o
LOAD ./USB_DEVICE/Target/usbd_conf.o
LOAD ./ssd1306/ssd1306.o
LOAD ./ssd1306/ssd1306_fonts.o
LOAD ./ssd1306/ssd1306_tests.o
START GROUP
LOAD C:/ST/STM32CubeIDE_1.13.2/STM32CubeIDE/plugins/com.st.stm32cube.ide.mcu.externaltools.gnu-tools-for-stm32.11.3.rel1.win32_1.1.100.202309141235/tools/bin/../lib/gcc/arm-none-eabi/11.3.1/../../../../arm-none-eabi/lib/thumb/v7e-m+fp/hard\libc_nano.a
LOAD C:/ST/STM32CubeIDE_1.13.2/STM32CubeIDE/plugins/com.st.stm32cube.ide.mcu.externaltools.gnu-tools-for-stm32.11.3.rel1.win32_1.1.100.202309141235/tools/bin/../lib/gcc/arm-none-eabi/11.3.1/../../../../arm-none-eabi/lib/thumb/v7e-m+fp/hard\libm.a
END GROUP
START GROUP
LOAD C:/ST/STM32CubeIDE_1.13.2/STM32CubeIDE/plugins/com.st.stm32cube.ide.mcu.externaltools.gnu-tools-for-stm32.11.3.rel1.win32_1.1.100.202309141235/tools/bin/../lib/gcc/arm-none-eabi/11.3.1/thumb/v7e-m+fp/hard\libgcc.a
LOAD C:/ST/STM32CubeIDE_1.13.2/STM32CubeIDE/plugins/com.st.stm32cube.ide.mcu.externaltools.gnu-tools-for-stm32.11.3.rel1.win32_1.1.100.202309141235/tools/bin/../lib/gcc/arm-none-eabi/11.3.1/../../../../arm-none-eabi/lib/thumb/v7e-m+fp/hard\libc_nano.a
END GROUP
START GROUP
LOAD C:/ST/STM32CubeIDE_1.13.2/STM32CubeIDE/plugins/com.st.stm32cube.ide.mcu.externaltools.gnu-tools-for-stm32.11.3.rel1.win32_1.1.100.202309141235/tools/bin/../lib/gcc/arm-none-eabi/11.3.1/thumb/v7e-m+fp/hard\libgcc.a
LOAD C:/ST/STM32CubeIDE_1.13.2/STM32CubeIDE/plugins/com.st.stm32cube.ide.mcu.externaltools.gnu-tools-for-stm32.11.3.rel1.win32_1.1.100.202309141235/tools/bin/../lib/gcc/arm-none-eabi/11.3.1/../../../../arm-none-eabi/lib/thumb/v7e-m+fp/hard\libc_nano.a
LOAD C:/ST/STM32CubeIDE_1.13.2/STM32CubeIDE/plugins/com.st.stm32cube.ide.mcu.externaltools.gnu-tools-for-stm32.11.3.rel1.win32_1.1.100.202309141235/tools/bin/../lib/gcc/arm-none-eabi/11.3.1/../../../../arm-none-eabi/lib/thumb/v7e-m+fp/hard\libnosys.a
END GROUP
START GROUP
LOAD C:/ST/STM32CubeIDE_1.13.2/STM32CubeIDE/plugins/com.st.stm32cube.ide.mcu.externaltools.gnu-tools-for-stm32.11.3.rel1.win32_1.1.100.202309141235/tools/bin/../lib/gcc/arm-none-eabi/11.3.1/thumb/v7e-m+fp/hard\libgcc.a
LOAD C:/ST/STM32CubeIDE_1.13.2/STM32CubeIDE/plugins/com.st.stm32cube.ide.mcu.externaltools.gnu-tools-for-stm32.11.3.rel1.win32_1.1.100.202309141235/tools/bin/../lib/gcc/arm-none-eabi/11.3.1/../../../../arm-none-eabi/lib/thumb/v7e-m+fp/hard\libc_nano.a
LOAD C:/ST/STM32CubeIDE_1.13.2/STM32CubeIDE/plugins/com.st.stm32cube.ide.mcu.externaltools.gnu-tools-for-stm32.11.3.rel1.win32_1.1.100.202309141235/tools/bin/../lib/gcc/arm-none-eabi/11.3.1/../../../../arm-none-eabi/lib/thumb/v7e-m+fp/hard\libnosys.a
END GROUP
LOAD C:/ST/STM32CubeIDE_1.13.2/STM32CubeIDE/plugins/com.st.stm32cube.ide.mcu.externaltools.gnu-tools-for-stm32.11.3.rel1.win32_1.1.100.202309141235/tools/bin/../lib/gcc/arm-none-eabi/11.3.1/thumb/v7e-m+fp/hard/crtend.o
LOAD C:/ST/STM32CubeIDE_1.13.2/STM32CubeIDE/plugins/com.st.stm32cube.ide.mcu.externaltools.gnu-tools-for-stm32.11.3.rel1.win32_1.1.100.202309141235/tools/bin/../lib/gcc/arm-none-eabi/11.3.1/thumb/v7e-m+fp/hard/crtn.o
                0x0000000020020000                _estack = (ORIGIN (RAM) + LENGTH (RAM))
                0x0000000000000200                _Min_Heap_Size = 0x200
                0x0000000000000400                _Min_Stack_Size = 0x400

.isr_vector     0x0000000008000000      0x188
                0x0000000008000000                . = ALIGN (0x4)
 *(.isr_vector)
 .isr_vector    0x0000000008000000      0x188 ./Core/Startup/startup_stm32f407vgtx.o
                0x0000000008000000                g_pfnVectors
                0x0000000008000188                . = ALIGN (0x4)

.text           0x0000000008000190     0xd8dc
                0x0000000008000190                . = ALIGN (0x4)
 *(.text)
 .text          0x0000000008000190       0x40 C:/ST/STM32CubeIDE_1.13.2/STM32CubeIDE/plugins/com.st.stm32cube.ide.mcu.externaltools.gnu-tools-for-stm32.11.3.rel1.win32_1.1.100.202309141235/tools/bin/../lib/gcc/arm-none-eabi/11.3.1/thumb/v7e-m+fp/hard/crtbegin.o
 .text          0x00000000080001d0       0x10 C:/ST/STM32CubeIDE_1.13.2/STM32CubeIDE/plugins/com.st.stm32cube.ide.mcu.externaltools.gnu-tools-for-stm32.11.3.rel1.win32_1.1.100.202309141235/tools/bin/../lib/gcc/arm-none-eabi/11.3.1/../../../../arm-none-eabi/lib/thumb/v7e-m+fp/hard\libc_nano.a(libc_a-strlen.o)
                0x00000000080001d0                strlen
 .text          0x00000000080001e0       0xa0 C:/ST/STM32CubeIDE_1.13.2/STM32CubeIDE/plugins/com.st.stm32cube.ide.mcu.externaltools.gnu-tools-for-stm32.11.3.rel1.win32_1.1.100.202309141235/tools/bin/../lib/gcc/arm-none-eabi/11.3.1/../../../../arm-none-eabi/lib/thumb/v7e-m+fp/hard\libc_nano.a(libc_a-memchr.o)
                0x00000000080001e0                memchr
 .text          0x0000000008000280      0x378 C:/ST/STM32CubeIDE_1.13.2/STM32CubeIDE/plugins/com.st.stm32cube.ide.mcu.externaltools.gnu-tools-for-stm32.11.3.rel1.win32_1.1.100.202309141235/tools/bin/../lib/gcc/arm-none-eabi/11.3.1/thumb/v7e-m+fp/hard\libgcc.a(_arm_addsubdf3.o)
                0x0000000008000280                __aeabi_drsub
                0x0000000008000288                __aeabi_dsub
                0x0000000008000288                __subdf3
                0x000000000800028c                __aeabi_dadd
                0x000000000800028c                __adddf3
                0x0000000008000504                __floatunsidf
                0x0000000008000504                __aeabi_ui2d
                0x0000000008000524                __floatsidf
                0x0000000008000524                __aeabi_i2d
                0x0000000008000548                __aeabi_f2d
                0x0000000008000548                __extendsfdf2
                0x000000000800058c                __floatundidf
                0x000000000800058c                __aeabi_ul2d
                0x000000000800059c                __floatdidf
                0x000000000800059c                __aeabi_l2d
 .text          0x00000000080005f8      0x424 C:/ST/STM32CubeIDE_1.13.2/STM32CubeIDE/plugins/com.st.stm32cube.ide.mcu.externaltools.gnu-tools-for-stm32.11.3.rel1.win32_1.1.100.202309141235/tools/bin/../lib/gcc/arm-none-eabi/11.3.1/thumb/v7e-m+fp/hard\libgcc.a(_arm_muldivdf3.o)
                0x00000000080005f8                __aeabi_dmul
                0x00000000080005f8                __muldf3
                0x000000000800084c                __divdf3
                0x000000000800084c                __aeabi_ddiv
 .text          0x0000000008000a1c      0x110 C:/ST/STM32CubeIDE_1.13.2/STM32CubeIDE/plugins/com.st.stm32cube.ide.mcu.externaltools.gnu-tools-for-stm32.11.3.rel1.win32_1.1.100.202309141235/tools/bin/../lib/gcc/arm-none-eabi/11.3.1/thumb/v7e-m+fp/hard\libgcc.a(_arm_cmpdf2.o)
                0x0000000008000a1c                __gtdf2
                0x0000000008000a1c                __gedf2
                0x0000000008000a24                __ltdf2
                0x0000000008000a24                __ledf2
                0x0000000008000a2c                __nedf2
                0x0000000008000a2c                __eqdf2
                0x0000000008000a2c                __cmpdf2
                0x0000000008000aa8                __aeabi_cdrcmple
                0x0000000008000ab8                __aeabi_cdcmpeq
                0x0000000008000ab8                __aeabi_cdcmple
                0x0000000008000ac8                __aeabi_dcmpeq
                0x0000000008000adc                __aeabi_dcmplt
                0x0000000008000af0                __aeabi_dcmple
                0x0000000008000b04                __aeabi_dcmpge
                0x0000000008000b18                __aeabi_dcmpgt
 .text          0x0000000008000b2c       0x2c C:/ST/STM32CubeIDE_1.13.2/STM32CubeIDE/plugins/com.st.stm32cube.ide.mcu.externaltools.gnu-tools-for-stm32.11.3.rel1.win32_1.1.100.202309141235/tools/bin/../lib/gcc/arm-none-eabi/11.3.1/thumb/v7e-m+fp/hard\libgcc.a(_arm_unorddf2.o)
                0x0000000008000b2c                __unorddf2
                0x0000000008000b2c                __aeabi_dcmpun
 .text          0x0000000008000b58       0x30 C:/ST/STM32CubeIDE_1.13.2/STM32CubeIDE/plugins/com.st.stm32cube.ide.mcu.externaltools.gnu-tools-for-stm32.11.3.rel1.win32_1.1.100.202309141235/tools/bin/../lib/gcc/arm-none-eabi/11.3.1/thumb/v7e-m+fp/hard\libgcc.a(_aeabi_uldivmod.o)
                0x0000000008000b58                __aeabi_uldivmod
 .text          0x0000000008000b88      0x2c8 C:/ST/STM32CubeIDE_1.13.2/STM32CubeIDE/plugins/com.st.stm32cube.ide.mcu.externaltools.gnu-tools-for-stm32.11.3.rel1.win32_1.1.100.202309141235/tools/bin/../lib/gcc/arm-none-eabi/11.3.1/thumb/v7e-m+fp/hard\libgcc.a(_udivmoddi4.o)
                0x0000000008000b88                __udivmoddi4
 .text          0x0000000008000e50        0x4 C:/ST/STM32CubeIDE_1.13.2/STM32CubeIDE/plugins/com.st.stm32cube.ide.mcu.externaltools.gnu-tools-for-stm32.11.3.rel1.win32_1.1.100.202309141235/tools/bin/../lib/gcc/arm-none-eabi/11.3.1/thumb/v7e-m+fp/hard\libgcc.a(_dvmd_tls.o)
                0x0000000008000e50                __aeabi_idiv0
                0x0000000008000e50                __aeabi_ldiv0
 *(.text*)
 .text.SPIx_Init
                0x0000000008000e54       0x70 ./Application/Src/accelero_io.o
 .text.SPIx_WriteRead
                0x0000000008000ec4       0x40 ./Application/Src/accelero_io.o
 .text.SPIx_Error
                0x0000000008000f04       0x18 ./Application/Src/accelero_io.o
 .text.ACCELERO_IO_Init
                0x0000000008000f1c       0x5c ./Application/Src/accelero_io.o
                0x0000000008000f1c                ACCELERO_IO_Init
 .text.ACCELERO_IO_Write
                0x0000000008000f78       0x64 ./Application/Src/accelero_io.o
                0x0000000008000f78                ACCELERO_IO_Write
 .text.ACCELERO_IO_Read
                0x0000000008000fdc       0x74 ./Application/Src/accelero_io.o
                0x0000000008000fdc                ACCELERO_IO_Read
 .text.startUp  0x0000000008001050       0x1a ./Application/Src/app.o
                0x0000000008001050                startUp
 *fill*         0x000000000800106a        0x2 
 .text.mainApp  0x000000000800106c      0x150 ./Application/Src/app.o
                0x000000000800106c                mainApp
 .text.ConsoleCommandMatch
                0x00000000080011bc       0x9a ./Application/Src/console.o
 .text.ConsoleResetBuffer
                0x0000000008001256       0x64 ./Application/Src/console.o
 .text.ConsoleCommandEndline
                0x00000000080012ba       0x56 ./Application/Src/console.o
 .text.ConsoleInit
                0x0000000008001310       0x5c ./Application/Src/console.o
                0x0000000008001310                ConsoleInit
 .text.ConsoleProcess
                0x000000000800136c      0x178 ./Application/Src/console.o
                0x000000000800136c                ConsoleProcess
 .text.ConsoleParamFindN
                0x00000000080014e4       0x64 ./Application/Src/console.o
 .text.ConsoleReceiveParamInt16
                0x0000000008001548       0xbc ./Application/Src/console.o
                0x0000000008001548                ConsoleReceiveParamInt16
 .text.ConsoleReceiveParamHexUint16
                0x0000000008001604       0x92 ./Application/Src/console.o
                0x0000000008001604                ConsoleReceiveParamHexUint16
 .text.ConsoleSendParamHexUint16
                0x0000000008001696       0x72 ./Application/Src/console.o
                0x0000000008001696                ConsoleSendParamHexUint16
 .text.smallItoa
                0x0000000008001708       0xaa ./Application/Src/console.o
 .text.ConsoleSendParamInt16
                0x00000000080017b2       0x2e ./Application/Src/console.o
                0x00000000080017b2                ConsoleSendParamInt16
 .text.ConsoleUtilHexCharToInt
                0x00000000080017e0       0x82 ./Application/Src/console.o
 .text.ConsoleUtilsIntToHexChar
                0x0000000008001862       0x4c ./Application/Src/console.o
 *fill*         0x00000000080018ae        0x2 
 .text.ConsoleSendLine
                0x00000000080018b0       0x24 ./Application/Src/console.o
                0x00000000080018b0                ConsoleSendLine
 .text.ConsoleCommandComment
                0x00000000080018d4       0x16 ./Application/Src/consoleCommands.o
 *fill*         0x00000000080018ea        0x2 
 .text.ConsoleCommandHelp
                0x00000000080018ec       0x74 ./Application/Src/consoleCommands.o
 .text.ConsoleCommandParamExampleInt16
                0x0000000008001960       0x68 ./Application/Src/consoleCommands.o
 .text.ConsoleCommandParamExampleHexUint16
                0x00000000080019c8       0x48 ./Application/Src/consoleCommands.o
 .text.ConsoleCommandVer
                0x0000000008001a10       0x2c ./Application/Src/consoleCommands.o
 .text.ConsoleCommandLedPattern
                0x0000000008001a3c       0xe0 ./Application/Src/consoleCommands.o
 .text.ConsoleCommandsGetTable
                0x0000000008001b1c       0x14 ./Application/Src/consoleCommands.o
                0x0000000008001b1c                ConsoleCommandsGetTable
 .text.ConsoleIoInit
                0x0000000008001b30       0x10 ./Application/Src/consoleIO.o
                0x0000000008001b30                ConsoleIoInit
 .text.ConsoleIoReceive
                0x0000000008001b40       0x74 ./Application/Src/consoleIO.o
                0x0000000008001b40                ConsoleIoReceive
 .text.ConsoleIoSendString
                0x0000000008001bb4       0x3c ./Application/Src/consoleIO.o
                0x0000000008001bb4                ConsoleIoSendString
 .text.initDisplay
                0x0000000008001bf0       0x16 ./Application/Src/displayFunctions.o
                0x0000000008001bf0                initDisplay
 *fill*         0x0000000008001c06        0x2 
 .text.displayPutHeader
                0x0000000008001c08       0x3c ./Application/Src/displayFunctions.o
                0x0000000008001c08                displayPutHeader
 .text.displayAccelerometerValues
                0x0000000008001c44       0xbc ./Application/Src/displayFunctions.o
                0x0000000008001c44                displayAccelerometerValues
 .text.LIS3DSH_Init
                0x0000000008001d00       0x46 ./Application/Src/lis3dsh.o
                0x0000000008001d00                LIS3DSH_Init
 .text.LIS3DSH_ReadID
                0x0000000008001d46       0x24 ./Application/Src/lis3dsh.o
                0x0000000008001d46                LIS3DSH_ReadID
 .text.MPU6050_Init
                0x0000000008001d6a       0xae ./Application/Src/mpu6050.o
                0x0000000008001d6a                MPU6050_Init
 .text.MPU6050_Read_All
                0x0000000008001e18      0x3cc ./Application/Src/mpu6050.o
                0x0000000008001e18                MPU6050_Read_All
 .text.Kalman_getAngle
                0x00000000080021e4      0x2b6 ./Application/Src/mpu6050.o
                0x00000000080021e4                Kalman_getAngle
 *fill*         0x000000000800249a        0x2 
 .text.main     0x000000000800249c       0xec ./Core/Src/main.o
                0x000000000800249c                main
 .text.SystemClock_Config
                0x0000000008002588       0xd4 ./Core/Src/main.o
                0x0000000008002588                SystemClock_Config
 .text.MX_I2C1_Init
                0x000000000800265c       0x5c ./Core/Src/main.o
 .text.MX_I2C3_Init
                0x00000000080026b8       0x5c ./Core/Src/main.o
 .text.MX_RNG_Init
                0x0000000008002714       0x28 ./Core/Src/main.o
 .text.MX_SPI1_Init
                0x000000000800273c       0x6c ./Core/Src/main.o
 .text.MX_TIM2_Init
                0x00000000080027a8       0xe4 ./Core/Src/main.o
 .text.MX_USART2_UART_Init
                0x000000000800288c       0x54 ./Core/Src/main.o
 .text.MX_GPIO_Init
                0x00000000080028e0      0x24c ./Core/Src/main.o
 .text.HAL_GPIO_EXTI_Callback
                0x0000000008002b2c       0x40 ./Core/Src/main.o
                0x0000000008002b2c                HAL_GPIO_EXTI_Callback
 .text.HAL_TIM_PeriodElapsedCallback
                0x0000000008002b6c       0x14 ./Core/Src/main.o
                0x0000000008002b6c                HAL_TIM_PeriodElapsedCallback
 .text.Error_Handler
                0x0000000008002b80        0xa ./Core/Src/main.o
                0x0000000008002b80                Error_Handler
 *fill*         0x0000000008002b8a        0x2 
 .text.HAL_MspInit
                0x0000000008002b8c       0x50 ./Core/Src/stm32f4xx_hal_msp.o
                0x0000000008002b8c                HAL_MspInit
 .text.HAL_I2C_MspInit
                0x0000000008002bdc      0x140 ./Core/Src/stm32f4xx_hal_msp.o
                0x0000000008002bdc                HAL_I2C_MspInit
 .text.HAL_RNG_MspInit
                0x0000000008002d1c       0x44 ./Core/Src/stm32f4xx_hal_msp.o
                0x0000000008002d1c                HAL_RNG_MspInit
 .text.HAL_SPI_MspInit
                0x0000000008002d60       0x90 ./Core/Src/stm32f4xx_hal_msp.o
                0x0000000008002d60                HAL_SPI_MspInit
 .text.HAL_SPI_MspDeInit
                0x0000000008002df0       0x3c ./Core/Src/stm32f4xx_hal_msp.o
                0x0000000008002df0                HAL_SPI_MspDeInit
 .text.HAL_TIM_Base_MspInit
                0x0000000008002e2c       0x4c ./Core/Src/stm32f4xx_hal_msp.o
                0x0000000008002e2c                HAL_TIM_Base_MspInit
 .text.HAL_UART_MspInit
                0x0000000008002e78       0x90 ./Core/Src/stm32f4xx_hal_msp.o
                0x0000000008002e78                HAL_UART_MspInit
 .text.NMI_Handler
                0x0000000008002f08        0x6 ./Core/Src/stm32f4xx_it.o
                0x0000000008002f08                NMI_Handler
 .text.HardFault_Handler
                0x0000000008002f0e        0x6 ./Core/Src/stm32f4xx_it.o
                0x0000000008002f0e                HardFault_Handler
 .text.MemManage_Handler
                0x0000000008002f14        0x6 ./Core/Src/stm32f4xx_it.o
                0x0000000008002f14                MemManage_Handler
 .text.BusFault_Handler
                0x0000000008002f1a        0x6 ./Core/Src/stm32f4xx_it.o
                0x0000000008002f1a                BusFault_Handler
 .text.UsageFault_Handler
                0x0000000008002f20        0x6 ./Core/Src/stm32f4xx_it.o
                0x0000000008002f20                UsageFault_Handler
 .text.SVC_Handler
                0x0000000008002f26        0xe ./Core/Src/stm32f4xx_it.o
                0x0000000008002f26                SVC_Handler
 .text.DebugMon_Handler
                0x0000000008002f34        0xe ./Core/Src/stm32f4xx_it.o
                0x0000000008002f34                DebugMon_Handler
 .text.PendSV_Handler
                0x0000000008002f42        0xe ./Core/Src/stm32f4xx_it.o
                0x0000000008002f42                PendSV_Handler
 .text.SysTick_Handler
                0x0000000008002f50        0xc ./Core/Src/stm32f4xx_it.o
                0x0000000008002f50                SysTick_Handler
 .text.EXTI0_IRQHandler
                0x0000000008002f5c        0xe ./Core/Src/stm32f4xx_it.o
                0x0000000008002f5c                EXTI0_IRQHandler
 *fill*         0x0000000008002f6a        0x2 
 .text.TIM2_IRQHandler
                0x0000000008002f6c       0x14 ./Core/Src/stm32f4xx_it.o
                0x0000000008002f6c                TIM2_IRQHandler
 .text.OTG_FS_IRQHandler
                0x0000000008002f80       0x14 ./Core/Src/stm32f4xx_it.o
                0x0000000008002f80                OTG_FS_IRQHandler
 .text._sbrk    0x0000000008002f94       0x6c ./Core/Src/sysmem.o
                0x0000000008002f94                _sbrk
 .text.SystemInit
                0x0000000008003000       0x24 ./Core/Src/system_stm32f4xx.o
                0x0000000008003000                SystemInit
 .text.Reset_Handler
                0x0000000008003024       0x50 ./Core/Startup/startup_stm32f407vgtx.o
                0x0000000008003024                Reset_Handler
 .text.Default_Handler
                0x0000000008003074        0x2 ./Core/Startup/startup_stm32f407vgtx.o
                0x0000000008003074                RTC_Alarm_IRQHandler
                0x0000000008003074                HASH_RNG_IRQHandler
                0x0000000008003074                EXTI2_IRQHandler
                0x0000000008003074                TIM8_CC_IRQHandler
                0x0000000008003074                TIM1_CC_IRQHandler
                0x0000000008003074                DMA2_Stream5_IRQHandler
                0x0000000008003074                DMA1_Stream5_IRQHandler
                0x0000000008003074                PVD_IRQHandler
                0x0000000008003074                SDIO_IRQHandler
                0x0000000008003074                TAMP_STAMP_IRQHandler
                0x0000000008003074                CAN2_RX1_IRQHandler
                0x0000000008003074                EXTI3_IRQHandler
                0x0000000008003074                TIM8_TRG_COM_TIM14_IRQHandler
                0x0000000008003074                TIM1_UP_TIM10_IRQHandler
                0x0000000008003074                TIM8_UP_TIM13_IRQHandler
                0x0000000008003074                I2C3_ER_IRQHandler
                0x0000000008003074                I2C2_EV_IRQHandler
                0x0000000008003074                DMA1_Stream2_IRQHandler
                0x0000000008003074                CAN1_RX0_IRQHandler
                0x0000000008003074                FPU_IRQHandler
                0x0000000008003074                OTG_HS_WKUP_IRQHandler
                0x0000000008003074                CAN2_SCE_IRQHandler
                0x0000000008003074                DMA2_Stream2_IRQHandler
                0x0000000008003074                SPI1_IRQHandler
                0x0000000008003074                TIM6_DAC_IRQHandler
                0x0000000008003074                TIM1_BRK_TIM9_IRQHandler
                0x0000000008003074                DCMI_IRQHandler
                0x0000000008003074                CAN2_RX0_IRQHandler
                0x0000000008003074                DMA2_Stream3_IRQHandler
                0x0000000008003074                USART6_IRQHandler
                0x0000000008003074                USART3_IRQHandler
                0x0000000008003074                CAN1_RX1_IRQHandler
                0x0000000008003074                UART5_IRQHandler
                0x0000000008003074                DMA2_Stream0_IRQHandler
                0x0000000008003074                TIM4_IRQHandler
                0x0000000008003074                I2C1_EV_IRQHandler
                0x0000000008003074                DMA1_Stream6_IRQHandler
                0x0000000008003074                DMA1_Stream1_IRQHandler
                0x0000000008003074                UART4_IRQHandler
                0x0000000008003074                TIM3_IRQHandler
                0x0000000008003074                RCC_IRQHandler
                0x0000000008003074                TIM8_BRK_TIM12_IRQHandler
                0x0000000008003074                Default_Handler
                0x0000000008003074                EXTI15_10_IRQHandler
                0x0000000008003074                ADC_IRQHandler
                0x0000000008003074                DMA1_Stream7_IRQHandler
                0x0000000008003074                TIM7_IRQHandler
                0x0000000008003074                CAN2_TX_IRQHandler
                0x0000000008003074                TIM5_IRQHandler
                0x0000000008003074                DMA2_Stream7_IRQHandler
                0x0000000008003074                I2C3_EV_IRQHandler
                0x0000000008003074                EXTI9_5_IRQHandler
                0x0000000008003074                RTC_WKUP_IRQHandler
                0x0000000008003074                ETH_WKUP_IRQHandler
                0x0000000008003074                SPI2_IRQHandler
                0x0000000008003074                OTG_HS_EP1_IN_IRQHandler
                0x0000000008003074                DMA1_Stream0_IRQHandler
                0x0000000008003074                CAN1_TX_IRQHandler
                0x0000000008003074                EXTI4_IRQHandler
                0x0000000008003074                FSMC_IRQHandler
                0x0000000008003074                ETH_IRQHandler
                0x0000000008003074                OTG_HS_EP1_OUT_IRQHandler
                0x0000000008003074                WWDG_IRQHandler
                0x0000000008003074                OTG_FS_WKUP_IRQHandler
                0x0000000008003074                TIM1_TRG_COM_TIM11_IRQHandler
                0x0000000008003074                OTG_HS_IRQHandler
                0x0000000008003074                EXTI1_IRQHandler
                0x0000000008003074                USART2_IRQHandler
                0x0000000008003074                I2C2_ER_IRQHandler
                0x0000000008003074                DMA2_Stream1_IRQHandler
                0x0000000008003074                CAN1_SCE_IRQHandler
                0x0000000008003074                FLASH_IRQHandler
                0x0000000008003074                DMA2_Stream4_IRQHandler
                0x0000000008003074                USART1_IRQHandler
                0x0000000008003074                SPI3_IRQHandler
                0x0000000008003074                DMA1_Stream4_IRQHandler
                0x0000000008003074                I2C1_ER_IRQHandler
                0x0000000008003074                DMA2_Stream6_IRQHandler
                0x0000000008003074                DMA1_Stream3_IRQHandler
 *fill*         0x0000000008003076        0x2 
 .text.HAL_Init
                0x0000000008003078       0x44 ./Drivers/STM32F4xx_HAL_Driver/Src/stm32f4xx_hal.o
                0x0000000008003078                HAL_Init
 .text.HAL_InitTick
                0x00000000080030bc       0x60 ./Drivers/STM32F4xx_HAL_Driver/Src/stm32f4xx_hal.o
                0x00000000080030bc                HAL_InitTick
 .text.HAL_IncTick
                0x000000000800311c       0x28 ./Drivers/STM32F4xx_HAL_Driver/Src/stm32f4xx_hal.o
                0x000000000800311c                HAL_IncTick
 .text.HAL_GetTick
                0x0000000008003144       0x18 ./Drivers/STM32F4xx_HAL_Driver/Src/stm32f4xx_hal.o
                0x0000000008003144                HAL_GetTick
 .text.HAL_Delay
                0x000000000800315c       0x48 ./Drivers/STM32F4xx_HAL_Driver/Src/stm32f4xx_hal.o
                0x000000000800315c                HAL_Delay
 .text.__NVIC_SetPriorityGrouping
                0x00000000080031a4       0x48 ./Drivers/STM32F4xx_HAL_Driver/Src/stm32f4xx_hal_cortex.o
 .text.__NVIC_GetPriorityGrouping
                0x00000000080031ec       0x1c ./Drivers/STM32F4xx_HAL_Driver/Src/stm32f4xx_hal_cortex.o
 .text.__NVIC_EnableIRQ
                0x0000000008003208       0x3c ./Drivers/STM32F4xx_HAL_Driver/Src/stm32f4xx_hal_cortex.o
 .text.__NVIC_SetPriority
                0x0000000008003244       0x54 ./Drivers/STM32F4xx_HAL_Driver/Src/stm32f4xx_hal_cortex.o
 .text.NVIC_EncodePriority
                0x0000000008003298       0x66 ./Drivers/STM32F4xx_HAL_Driver/Src/stm32f4xx_hal_cortex.o
 *fill*         0x00000000080032fe        0x2 
 .text.SysTick_Config
                0x0000000008003300       0x44 ./Drivers/STM32F4xx_HAL_Driver/Src/stm32f4xx_hal_cortex.o
 .text.HAL_NVIC_SetPriorityGrouping
                0x0000000008003344       0x16 ./Drivers/STM32F4xx_HAL_Driver/Src/stm32f4xx_hal_cortex.o
                0x0000000008003344                HAL_NVIC_SetPriorityGrouping
 .text.HAL_NVIC_SetPriority
                0x000000000800335a       0x38 ./Drivers/STM32F4xx_HAL_Driver/Src/stm32f4xx_hal_cortex.o
                0x000000000800335a                HAL_NVIC_SetPriority
 .text.HAL_NVIC_EnableIRQ
                0x0000000008003392       0x1c ./Drivers/STM32F4xx_HAL_Driver/Src/stm32f4xx_hal_cortex.o
                0x0000000008003392                HAL_NVIC_EnableIRQ
 .text.HAL_SYSTICK_Config
                0x00000000080033ae       0x18 ./Drivers/STM32F4xx_HAL_Driver/Src/stm32f4xx_hal_cortex.o
                0x00000000080033ae                HAL_SYSTICK_Config
 *fill*         0x00000000080033c6        0x2 
 .text.HAL_GPIO_Init
                0x00000000080033c8      0x338 ./Drivers/STM32F4xx_HAL_Driver/Src/stm32f4xx_hal_gpio.o
                0x00000000080033c8                HAL_GPIO_Init
 .text.HAL_GPIO_DeInit
                0x0000000008003700      0x1f8 ./Drivers/STM32F4xx_HAL_Driver/Src/stm32f4xx_hal_gpio.o
                0x0000000008003700                HAL_GPIO_DeInit
 .text.HAL_GPIO_WritePin
                0x00000000080038f8       0x32 ./Drivers/STM32F4xx_HAL_Driver/Src/stm32f4xx_hal_gpio.o
                0x00000000080038f8                HAL_GPIO_WritePin
 .text.HAL_GPIO_TogglePin
                0x000000000800392a       0x34 ./Drivers/STM32F4xx_HAL_Driver/Src/stm32f4xx_hal_gpio.o
                0x000000000800392a                HAL_GPIO_TogglePin
 *fill*         0x000000000800395e        0x2 
 .text.HAL_GPIO_EXTI_IRQHandler
                0x0000000008003960       0x30 ./Drivers/STM32F4xx_HAL_Driver/Src/stm32f4xx_hal_gpio.o
                0x0000000008003960                HAL_GPIO_EXTI_IRQHandler
 .text.HAL_I2C_Init
                0x0000000008003990      0x288 ./Drivers/STM32F4xx_HAL_Driver/Src/stm32f4xx_hal_i2c.o
                0x0000000008003990                HAL_I2C_Init
 .text.HAL_I2C_Mem_Write
                0x0000000008003c18      0x1f4 ./Drivers/STM32F4xx_HAL_Driver/Src/stm32f4xx_hal_i2c.o
                0x0000000008003c18                HAL_I2C_Mem_Write
 .text.HAL_I2C_Mem_Read
                0x0000000008003e0c      0x44c ./Drivers/STM32F4xx_HAL_Driver/Src/stm32f4xx_hal_i2c.o
                0x0000000008003e0c                HAL_I2C_Mem_Read
 .text.I2C_RequestMemoryWrite
                0x0000000008004258      0x12c ./Drivers/STM32F4xx_HAL_Driver/Src/stm32f4xx_hal_i2c.o
 .text.I2C_RequestMemoryRead
                0x0000000008004384      0x1d0 ./Drivers/STM32F4xx_HAL_Driver/Src/stm32f4xx_hal_i2c.o
 .text.I2C_WaitOnFlagUntilTimeout
                0x0000000008004554       0xae ./Drivers/STM32F4xx_HAL_Driver/Src/stm32f4xx_hal_i2c.o
 .text.I2C_WaitOnMasterAddressFlagUntilTimeout
                0x0000000008004602       0xfe ./Drivers/STM32F4xx_HAL_Driver/Src/stm32f4xx_hal_i2c.o
 .text.I2C_WaitOnTXEFlagUntilTimeout
                0x0000000008004700       0x82 ./Drivers/STM32F4xx_HAL_Driver/Src/stm32f4xx_hal_i2c.o
 .text.I2C_WaitOnBTFFlagUntilTimeout
                0x0000000008004782       0x82 ./Drivers/STM32F4xx_HAL_Driver/Src/stm32f4xx_hal_i2c.o
 .text.I2C_WaitOnRXNEFlagUntilTimeout
                0x0000000008004804       0xac ./Drivers/STM32F4xx_HAL_Driver/Src/stm32f4xx_hal_i2c.o
 .text.I2C_IsAcknowledgeFailed
                0x00000000080048b0       0x5e ./Drivers/STM32F4xx_HAL_Driver/Src/stm32f4xx_hal_i2c.o
 .text.HAL_PCD_Init
                0x000000000800490e      0x23a ./Drivers/STM32F4xx_HAL_Driver/Src/stm32f4xx_hal_pcd.o
                0x000000000800490e                HAL_PCD_Init
 .text.HAL_PCD_Start
                0x0000000008004b48       0x66 ./Drivers/STM32F4xx_HAL_Driver/Src/stm32f4xx_hal_pcd.o
                0x0000000008004b48                HAL_PCD_Start
 .text.HAL_PCD_IRQHandler
                0x0000000008004bae      0x93e ./Drivers/STM32F4xx_HAL_Driver/Src/stm32f4xx_hal_pcd.o
                0x0000000008004bae                HAL_PCD_IRQHandler
 .text.HAL_PCD_SetAddress
                0x00000000080054ec       0x4a ./Drivers/STM32F4xx_HAL_Driver/Src/stm32f4xx_hal_pcd.o
                0x00000000080054ec                HAL_PCD_SetAddress
 .text.HAL_PCD_EP_Open
                0x0000000008005536       0xd0 ./Drivers/STM32F4xx_HAL_Driver/Src/stm32f4xx_hal_pcd.o
                0x0000000008005536                HAL_PCD_EP_Open
 .text.HAL_PCD_EP_Close
                0x0000000008005606       0x94 ./Drivers/STM32F4xx_HAL_Driver/Src/stm32f4xx_hal_pcd.o
                0x0000000008005606                HAL_PCD_EP_Close
 .text.HAL_PCD_EP_Receive
                0x000000000800569a       0x96 ./Drivers/STM32F4xx_HAL_Driver/Src/stm32f4xx_hal_pcd.o
                0x000000000800569a                HAL_PCD_EP_Receive
 .text.HAL_PCD_EP_GetRxCount
                0x0000000008005730       0x30 ./Drivers/STM32F4xx_HAL_Driver/Src/stm32f4xx_hal_pcd.o
                0x0000000008005730                HAL_PCD_EP_GetRxCount
 .text.HAL_PCD_EP_Transmit
                0x0000000008005760       0x94 ./Drivers/STM32F4xx_HAL_Driver/Src/stm32f4xx_hal_pcd.o
                0x0000000008005760                HAL_PCD_EP_Transmit
 .text.HAL_PCD_EP_SetStall
                0x00000000080057f4       0xc8 ./Drivers/STM32F4xx_HAL_Driver/Src/stm32f4xx_hal_pcd.o
                0x00000000080057f4                HAL_PCD_EP_SetStall
 .text.HAL_PCD_EP_ClrStall
                0x00000000080058bc       0xac ./Drivers/STM32F4xx_HAL_Driver/Src/stm32f4xx_hal_pcd.o
                0x00000000080058bc                HAL_PCD_EP_ClrStall
 .text.HAL_PCD_EP_Abort
                0x0000000008005968       0x62 ./Drivers/STM32F4xx_HAL_Driver/Src/stm32f4xx_hal_pcd.o
                0x0000000008005968                HAL_PCD_EP_Abort
 .text.PCD_WriteEmptyTxFifo
                0x00000000080059ca      0x11a ./Drivers/STM32F4xx_HAL_Driver/Src/stm32f4xx_hal_pcd.o
 .text.PCD_EP_OutXfrComplete_int
                0x0000000008005ae4      0x1d0 ./Drivers/STM32F4xx_HAL_Driver/Src/stm32f4xx_hal_pcd.o
 .text.PCD_EP_OutSetupPacket_int
                0x0000000008005cb4       0x8c ./Drivers/STM32F4xx_HAL_Driver/Src/stm32f4xx_hal_pcd.o
 .text.HAL_PCDEx_SetTxFiFo
                0x0000000008005d40       0x8e ./Drivers/STM32F4xx_HAL_Driver/Src/stm32f4xx_hal_pcd_ex.o
                0x0000000008005d40                HAL_PCDEx_SetTxFiFo
 .text.HAL_PCDEx_SetRxFiFo
                0x0000000008005dce       0x22 ./Drivers/STM32F4xx_HAL_Driver/Src/stm32f4xx_hal_pcd_ex.o
                0x0000000008005dce                HAL_PCDEx_SetRxFiFo
 .text.HAL_PCDEx_LPM_Callback
                0x0000000008005df0       0x18 ./Drivers/STM32F4xx_HAL_Driver/Src/stm32f4xx_hal_pcd_ex.o
                0x0000000008005df0                HAL_PCDEx_LPM_Callback
 .text.HAL_RCC_OscConfig
                0x0000000008005e08      0x4f0 ./Drivers/STM32F4xx_HAL_Driver/Src/stm32f4xx_hal_rcc.o
                0x0000000008005e08                HAL_RCC_OscConfig
 .text.HAL_RCC_ClockConfig
                0x00000000080062f8      0x1cc ./Drivers/STM32F4xx_HAL_Driver/Src/stm32f4xx_hal_rcc.o
                0x00000000080062f8                HAL_RCC_ClockConfig
 .text.HAL_RCC_GetSysClockFreq
                0x00000000080064c4      0x20c ./Drivers/STM32F4xx_HAL_Driver/Src/stm32f4xx_hal_rcc.o
                0x00000000080064c4                HAL_RCC_GetSysClockFreq
 .text.HAL_RCC_GetHCLKFreq
                0x00000000080066d0       0x18 ./Drivers/STM32F4xx_HAL_Driver/Src/stm32f4xx_hal_rcc.o
                0x00000000080066d0                HAL_RCC_GetHCLKFreq
 .text.HAL_RCC_GetPCLK1Freq
                0x00000000080066e8       0x28 ./Drivers/STM32F4xx_HAL_Driver/Src/stm32f4xx_hal_rcc.o
                0x00000000080066e8                HAL_RCC_GetPCLK1Freq
 .text.HAL_RCC_GetPCLK2Freq
                0x0000000008006710       0x28 ./Drivers/STM32F4xx_HAL_Driver/Src/stm32f4xx_hal_rcc.o
                0x0000000008006710                HAL_RCC_GetPCLK2Freq
 .text.HAL_RNG_Init
                0x0000000008006738       0x54 ./Drivers/STM32F4xx_HAL_Driver/Src/stm32f4xx_hal_rng.o
                0x0000000008006738                HAL_RNG_Init
 .text.HAL_SPI_Init
                0x000000000800678c      0x112 ./Drivers/STM32F4xx_HAL_Driver/Src/stm32f4xx_hal_spi.o
                0x000000000800678c                HAL_SPI_Init
 .text.HAL_SPI_DeInit
                0x000000000800689e       0x50 ./Drivers/STM32F4xx_HAL_Driver/Src/stm32f4xx_hal_spi.o
                0x000000000800689e                HAL_SPI_DeInit
 .text.HAL_SPI_TransmitReceive
                0x00000000080068ee      0x344 ./Drivers/STM32F4xx_HAL_Driver/Src/stm32f4xx_hal_spi.o
                0x00000000080068ee                HAL_SPI_TransmitReceive
 .text.HAL_SPI_GetState
                0x0000000008006c32       0x1c ./Drivers/STM32F4xx_HAL_Driver/Src/stm32f4xx_hal_spi.o
                0x0000000008006c32                HAL_SPI_GetState
 *fill*         0x0000000008006c4e        0x2 
 .text.SPI_WaitFlagStateUntilTimeout
                0x0000000008006c50      0x110 ./Drivers/STM32F4xx_HAL_Driver/Src/stm32f4xx_hal_spi.o
 .text.SPI_EndRxTxTransaction
                0x0000000008006d60       0x84 ./Drivers/STM32F4xx_HAL_Driver/Src/stm32f4xx_hal_spi.o
 .text.HAL_TIM_Base_Init
                0x0000000008006de4       0x9e ./Drivers/STM32F4xx_HAL_Driver/Src/stm32f4xx_hal_tim.o
                0x0000000008006de4                HAL_TIM_Base_Init
 .text.HAL_TIM_OC_Init
                0x0000000008006e82       0x9e ./Drivers/STM32F4xx_HAL_Driver/Src/stm32f4xx_hal_tim.o
                0x0000000008006e82                HAL_TIM_OC_Init
 .text.HAL_TIM_OC_MspInit
                0x0000000008006f20       0x14 ./Drivers/STM32F4xx_HAL_Driver/Src/stm32f4xx_hal_tim.o
                0x0000000008006f20                HAL_TIM_OC_MspInit
 .text.HAL_TIM_IRQHandler
                0x0000000008006f34      0x210 ./Drivers/STM32F4xx_HAL_Driver/Src/stm32f4xx_hal_tim.o
                0x0000000008006f34                HAL_TIM_IRQHandler
 .text.HAL_TIM_OC_ConfigChannel
                0x0000000008007144       0xb8 ./Drivers/STM32F4xx_HAL_Driver/Src/stm32f4xx_hal_tim.o
                0x0000000008007144                HAL_TIM_OC_ConfigChannel
 .text.HAL_TIM_ConfigClockSource
                0x00000000080071fc      0x18e ./Drivers/STM32F4xx_HAL_Driver/Src/stm32f4xx_hal_tim.o
                0x00000000080071fc                HAL_TIM_ConfigClockSource
 .text.HAL_TIM_OC_DelayElapsedCallback
                0x000000000800738a       0x14 ./Drivers/STM32F4xx_HAL_Driver/Src/stm32f4xx_hal_tim.o
                0x000000000800738a                HAL_TIM_OC_DelayElapsedCallback
 .text.HAL_TIM_IC_CaptureCallback
                0x000000000800739e       0x14 ./Drivers/STM32F4xx_HAL_Driver/Src/stm32f4xx_hal_tim.o
                0x000000000800739e                HAL_TIM_IC_CaptureCallback
 .text.HAL_TIM_PWM_PulseFinishedCallback
                0x00000000080073b2       0x14 ./Drivers/STM32F4xx_HAL_Driver/Src/stm32f4xx_hal_tim.o
                0x00000000080073b2                HAL_TIM_PWM_PulseFinishedCallback
 .text.HAL_TIM_TriggerCallback
                0x00000000080073c6       0x14 ./Drivers/STM32F4xx_HAL_Driver/Src/stm32f4xx_hal_tim.o
                0x00000000080073c6                HAL_TIM_TriggerCallback
 *fill*         0x00000000080073da        0x2 
 .text.TIM_Base_SetConfig
                0x00000000080073dc      0x140 ./Drivers/STM32F4xx_HAL_Driver/Src/stm32f4xx_hal_tim.o
                0x00000000080073dc                TIM_Base_SetConfig
 .text.TIM_OC1_SetConfig
                0x000000000800751c       0xe0 ./Drivers/STM32F4xx_HAL_Driver/Src/stm32f4xx_hal_tim.o
 .text.TIM_OC2_SetConfig
                0x00000000080075fc       0xec ./Drivers/STM32F4xx_HAL_Driver/Src/stm32f4xx_hal_tim.o
                0x00000000080075fc                TIM_OC2_SetConfig
 .text.TIM_OC3_SetConfig
                0x00000000080076e8       0xe8 ./Drivers/STM32F4xx_HAL_Driver/Src/stm32f4xx_hal_tim.o
 .text.TIM_OC4_SetConfig
                0x00000000080077d0       0xac ./Drivers/STM32F4xx_HAL_Driver/Src/stm32f4xx_hal_tim.o
 .text.TIM_TI1_ConfigInputStage
                0x000000000800787c       0x5e ./Drivers/STM32F4xx_HAL_Driver/Src/stm32f4xx_hal_tim.o
 .text.TIM_TI2_ConfigInputStage
                0x00000000080078da       0x60 ./Drivers/STM32F4xx_HAL_Driver/Src/stm32f4xx_hal_tim.o
 .text.TIM_ITRx_SetConfig
                0x000000000800793a       0x36 ./Drivers/STM32F4xx_HAL_Driver/Src/stm32f4xx_hal_tim.o
 .text.TIM_ETR_SetConfig
                0x0000000008007970       0x40 ./Drivers/STM32F4xx_HAL_Driver/Src/stm32f4xx_hal_tim.o
                0x0000000008007970                TIM_ETR_SetConfig
 .text.HAL_TIMEx_MasterConfigSynchronization
                0x00000000080079b0       0xf8 ./Drivers/STM32F4xx_HAL_Driver/Src/stm32f4xx_hal_tim_ex.o
                0x00000000080079b0                HAL_TIMEx_MasterConfigSynchronization
 .text.HAL_TIMEx_CommutCallback
                0x0000000008007aa8       0x14 ./Drivers/STM32F4xx_HAL_Driver/Src/stm32f4xx_hal_tim_ex.o
                0x0000000008007aa8                HAL_TIMEx_CommutCallback
 .text.HAL_TIMEx_BreakCallback
                0x0000000008007abc       0x14 ./Drivers/STM32F4xx_HAL_Driver/Src/stm32f4xx_hal_tim_ex.o
                0x0000000008007abc                HAL_TIMEx_BreakCallback
 .text.HAL_UART_Init
                0x0000000008007ad0       0x9a ./Drivers/STM32F4xx_HAL_Driver/Src/stm32f4xx_hal_uart.o
                0x0000000008007ad0                HAL_UART_Init
 *fill*         0x0000000008007b6a        0x2 
 .text.UART_SetConfig
                0x0000000008007b6c      0x4e8 ./Drivers/STM32F4xx_HAL_Driver/Src/stm32f4xx_hal_uart.o
 .text.USB_CoreInit
                0x0000000008008054       0xc2 ./Drivers/STM32F4xx_HAL_Driver/Src/stm32f4xx_ll_usb.o
                0x0000000008008054                USB_CoreInit
 *fill*         0x0000000008008116        0x2 
 .text.USB_SetTurnaroundTime
                0x0000000008008118      0x144 ./Drivers/STM32F4xx_HAL_Driver/Src/stm32f4xx_ll_usb.o
                0x0000000008008118                USB_SetTurnaroundTime
 .text.USB_EnableGlobalInt
                0x000000000800825c       0x22 ./Drivers/STM32F4xx_HAL_Driver/Src/stm32f4xx_ll_usb.o
                0x000000000800825c                USB_EnableGlobalInt
 .text.USB_DisableGlobalInt
                0x000000000800827e       0x22 ./Drivers/STM32F4xx_HAL_Driver/Src/stm32f4xx_ll_usb.o
                0x000000000800827e                USB_DisableGlobalInt
 .text.USB_SetCurrentMode
                0x00000000080082a0       0x98 ./Drivers/STM32F4xx_HAL_Driver/Src/stm32f4xx_ll_usb.o
                0x00000000080082a0                USB_SetCurrentMode
 .text.USB_DevInit
                0x0000000008008338      0x2c8 ./Drivers/STM32F4xx_HAL_Driver/Src/stm32f4xx_ll_usb.o
                0x0000000008008338                USB_DevInit
 .text.USB_FlushTxFifo
                0x0000000008008600       0x68 ./Drivers/STM32F4xx_HAL_Driver/Src/stm32f4xx_ll_usb.o
                0x0000000008008600                USB_FlushTxFifo
 .text.USB_FlushRxFifo
                0x0000000008008668       0x60 ./Drivers/STM32F4xx_HAL_Driver/Src/stm32f4xx_ll_usb.o
                0x0000000008008668                USB_FlushRxFifo
 .text.USB_SetDevSpeed
                0x00000000080086c8       0x32 ./Drivers/STM32F4xx_HAL_Driver/Src/stm32f4xx_ll_usb.o
                0x00000000080086c8                USB_SetDevSpeed
 .text.USB_GetDevSpeed
                0x00000000080086fa       0x4a ./Drivers/STM32F4xx_HAL_Driver/Src/stm32f4xx_ll_usb.o
                0x00000000080086fa                USB_GetDevSpeed
 .text.USB_ActivateEndpoint
                0x0000000008008744      0x10e ./Drivers/STM32F4xx_HAL_Driver/Src/stm32f4xx_ll_usb.o
                0x0000000008008744                USB_ActivateEndpoint
 *fill*         0x0000000008008852        0x2 
 .text.USB_DeactivateEndpoint
                0x0000000008008854      0x1b8 ./Drivers/STM32F4xx_HAL_Driver/Src/stm32f4xx_ll_usb.o
                0x0000000008008854                USB_DeactivateEndpoint
 .text.USB_EPStartXfer
                0x0000000008008a0c      0x490 ./Drivers/STM32F4xx_HAL_Driver/Src/stm32f4xx_ll_usb.o
                0x0000000008008a0c                USB_EPStartXfer
 .text.USB_EP0StartXfer
                0x0000000008008e9c      0x2b0 ./Drivers/STM32F4xx_HAL_Driver/Src/stm32f4xx_ll_usb.o
                0x0000000008008e9c                USB_EP0StartXfer
 .text.USB_EPStopXfer
                0x000000000800914c      0x154 ./Drivers/STM32F4xx_HAL_Driver/Src/stm32f4xx_ll_usb.o
                0x000000000800914c                USB_EPStopXfer
 .text.USB_WritePacket
                0x00000000080092a0       0x7c ./Drivers/STM32F4xx_HAL_Driver/Src/stm32f4xx_ll_usb.o
                0x00000000080092a0                USB_WritePacket
 .text.USB_ReadPacket
                0x000000000800931c       0xb0 ./Drivers/STM32F4xx_HAL_Driver/Src/stm32f4xx_ll_usb.o
                0x000000000800931c                USB_ReadPacket
 .text.USB_EPSetStall
                0x00000000080093cc       0xdc ./Drivers/STM32F4xx_HAL_Driver/Src/stm32f4xx_ll_usb.o
                0x00000000080093cc                USB_EPSetStall
 .text.USB_EPClearStall
                0x00000000080094a8       0xcc ./Drivers/STM32F4xx_HAL_Driver/Src/stm32f4xx_ll_usb.o
                0x00000000080094a8                USB_EPClearStall
 .text.USB_SetDevAddress
                0x0000000008009574       0x4c ./Drivers/STM32F4xx_HAL_Driver/Src/stm32f4xx_ll_usb.o
                0x0000000008009574                USB_SetDevAddress
 .text.USB_DevConnect
                0x00000000080095c0       0x42 ./Drivers/STM32F4xx_HAL_Driver/Src/stm32f4xx_ll_usb.o
                0x00000000080095c0                USB_DevConnect
 .text.USB_DevDisconnect
                0x0000000008009602       0x42 ./Drivers/STM32F4xx_HAL_Driver/Src/stm32f4xx_ll_usb.o
                0x0000000008009602                USB_DevDisconnect
 .text.USB_ReadInterrupts
                0x0000000008009644       0x26 ./Drivers/STM32F4xx_HAL_Driver/Src/stm32f4xx_ll_usb.o
                0x0000000008009644                USB_ReadInterrupts
 .text.USB_ReadDevAllOutEpInterrupt
                0x000000000800966a       0x34 ./Drivers/STM32F4xx_HAL_Driver/Src/stm32f4xx_ll_usb.o
                0x000000000800966a                USB_ReadDevAllOutEpInterrupt
 .text.USB_ReadDevAllInEpInterrupt
                0x000000000800969e       0x34 ./Drivers/STM32F4xx_HAL_Driver/Src/stm32f4xx_ll_usb.o
                0x000000000800969e                USB_ReadDevAllInEpInterrupt
 .text.USB_ReadDevOutEPInterrupt
                0x00000000080096d2       0x3c ./Drivers/STM32F4xx_HAL_Driver/Src/stm32f4xx_ll_usb.o
                0x00000000080096d2                USB_ReadDevOutEPInterrupt
 .text.USB_ReadDevInEPInterrupt
                0x000000000800970e       0x5c ./Drivers/STM32F4xx_HAL_Driver/Src/stm32f4xx_ll_usb.o
                0x000000000800970e                USB_ReadDevInEPInterrupt
 .text.USB_GetMode
                0x000000000800976a       0x1c ./Drivers/STM32F4xx_HAL_Driver/Src/stm32f4xx_ll_usb.o
                0x000000000800976a                USB_GetMode
 .text.USB_ActivateSetup
                0x0000000008009786       0x46 ./Drivers/STM32F4xx_HAL_Driver/Src/stm32f4xx_ll_usb.o
                0x0000000008009786                USB_ActivateSetup
 .text.USB_EP0_OutStart
                0x00000000080097cc       0xbc ./Drivers/STM32F4xx_HAL_Driver/Src/stm32f4xx_ll_usb.o
                0x00000000080097cc                USB_EP0_OutStart
 .text.USB_CoreReset
                0x0000000008009888       0x68 ./Drivers/STM32F4xx_HAL_Driver/Src/stm32f4xx_ll_usb.o
 .text.USBD_CDC_Init
                0x00000000080098f0      0x1f0 ./Middlewares/ST/STM32_USB_Device_Library/Class/CDC/Src/usbd_cdc.o
 .text.USBD_CDC_DeInit
                0x0000000008009ae0      0x104 ./Middlewares/ST/STM32_USB_Device_Library/Class/CDC/Src/usbd_cdc.o
 .text.USBD_CDC_Setup
                0x0000000008009be4      0x1b8 ./Middlewares/ST/STM32_USB_Device_Library/Class/CDC/Src/usbd_cdc.o
 .text.USBD_CDC_DataIn
                0x0000000008009d9c       0xfe ./Middlewares/ST/STM32_USB_Device_Library/Class/CDC/Src/usbd_cdc.o
 .text.USBD_CDC_DataOut
                0x0000000008009e9a       0x70 ./Middlewares/ST/STM32_USB_Device_Library/Class/CDC/Src/usbd_cdc.o
 .text.USBD_CDC_EP0_RxReady
                0x0000000008009f0a       0x76 ./Middlewares/ST/STM32_USB_Device_Library/Class/CDC/Src/usbd_cdc.o
 .text.USBD_CDC_GetFSCfgDesc
                0x0000000008009f80       0x70 ./Middlewares/ST/STM32_USB_Device_Library/Class/CDC/Src/usbd_cdc.o
 .text.USBD_CDC_GetHSCfgDesc
                0x0000000008009ff0       0x70 ./Middlewares/ST/STM32_USB_Device_Library/Class/CDC/Src/usbd_cdc.o
 .text.USBD_CDC_GetOtherSpeedCfgDesc
                0x000000000800a060       0x70 ./Middlewares/ST/STM32_USB_Device_Library/Class/CDC/Src/usbd_cdc.o
 .text.USBD_CDC_GetDeviceQualifierDescriptor
                0x000000000800a0d0       0x20 ./Middlewares/ST/STM32_USB_Device_Library/Class/CDC/Src/usbd_cdc.o
                0x000000000800a0d0                USBD_CDC_GetDeviceQualifierDescriptor
 .text.USBD_CDC_RegisterInterface
                0x000000000800a0f0       0x34 ./Middlewares/ST/STM32_USB_Device_Library/Class/CDC/Src/usbd_cdc.o
                0x000000000800a0f0                USBD_CDC_RegisterInterface
 .text.USBD_CDC_SetTxBuffer
                0x000000000800a124       0x44 ./Middlewares/ST/STM32_USB_Device_Library/Class/CDC/Src/usbd_cdc.o
                0x000000000800a124                USBD_CDC_SetTxBuffer
 .text.USBD_CDC_SetRxBuffer
                0x000000000800a168       0x3a ./Middlewares/ST/STM32_USB_Device_Library/Class/CDC/Src/usbd_cdc.o
                0x000000000800a168                USBD_CDC_SetRxBuffer
 *fill*         0x000000000800a1a2        0x2 
 .text.USBD_CDC_TransmitPacket
                0x000000000800a1a4       0x8c ./Middlewares/ST/STM32_USB_Device_Library/Class/CDC/Src/usbd_cdc.o
                0x000000000800a1a4                USBD_CDC_TransmitPacket
 .text.USBD_CDC_ReceivePacket
                0x000000000800a230       0x6c ./Middlewares/ST/STM32_USB_Device_Library/Class/CDC/Src/usbd_cdc.o
                0x000000000800a230                USBD_CDC_ReceivePacket
 .text.USBD_Init
                0x000000000800a29c       0x60 ./Middlewares/ST/STM32_USB_Device_Library/Core/Src/usbd_core.o
                0x000000000800a29c                USBD_Init
 .text.USBD_RegisterClass
                0x000000000800a2fc       0x6c ./Middlewares/ST/STM32_USB_Device_Library/Core/Src/usbd_core.o
                0x000000000800a2fc                USBD_RegisterClass
 .text.USBD_Start
                0x000000000800a368       0x18 ./Middlewares/ST/STM32_USB_Device_Library/Core/Src/usbd_core.o
                0x000000000800a368                USBD_Start
 .text.USBD_RunTestMode
                0x000000000800a380       0x16 ./Middlewares/ST/STM32_USB_Device_Library/Core/Src/usbd_core.o
                0x000000000800a380                USBD_RunTestMode
 .text.USBD_SetClassConfig
                0x000000000800a396       0x38 ./Middlewares/ST/STM32_USB_Device_Library/Core/Src/usbd_core.o
                0x000000000800a396                USBD_SetClassConfig
 .text.USBD_ClrClassConfig
                0x000000000800a3ce       0x34 ./Middlewares/ST/STM32_USB_Device_Library/Core/Src/usbd_core.o
                0x000000000800a3ce                USBD_ClrClassConfig
 .text.USBD_LL_SetupStage
                0x000000000800a402       0xaa ./Middlewares/ST/STM32_USB_Device_Library/Core/Src/usbd_core.o
                0x000000000800a402                USBD_LL_SetupStage
 .text.USBD_LL_DataOutStage
                0x000000000800a4ac      0x166 ./Middlewares/ST/STM32_USB_Device_Library/Core/Src/usbd_core.o
                0x000000000800a4ac                USBD_LL_DataOutStage
 .text.USBD_LL_DataInStage
                0x000000000800a612      0x164 ./Middlewares/ST/STM32_USB_Device_Library/Core/Src/usbd_core.o
                0x000000000800a612                USBD_LL_DataInStage
 .text.USBD_LL_Reset
                0x000000000800a776       0xa4 ./Middlewares/ST/STM32_USB_Device_Library/Core/Src/usbd_core.o
                0x000000000800a776                USBD_LL_Reset
 .text.USBD_LL_SetSpeed
                0x000000000800a81a       0x20 ./Middlewares/ST/STM32_USB_Device_Library/Core/Src/usbd_core.o
                0x000000000800a81a                USBD_LL_SetSpeed
 .text.USBD_LL_Suspend
                0x000000000800a83a       0x2c ./Middlewares/ST/STM32_USB_Device_Library/Core/Src/usbd_core.o
                0x000000000800a83a                USBD_LL_Suspend
 .text.USBD_LL_Resume
                0x000000000800a866       0x30 ./Middlewares/ST/STM32_USB_Device_Library/Core/Src/usbd_core.o
                0x000000000800a866                USBD_LL_Resume
 .text.USBD_LL_SOF
                0x000000000800a896       0x40 ./Middlewares/ST/STM32_USB_Device_Library/Core/Src/usbd_core.o
                0x000000000800a896                USBD_LL_SOF
 .text.USBD_LL_IsoINIncomplete
                0x000000000800a8d6       0x64 ./Middlewares/ST/STM32_USB_Device_Library/Core/Src/usbd_core.o
                0x000000000800a8d6                USBD_LL_IsoINIncomplete
 .text.USBD_LL_IsoOUTIncomplete
                0x000000000800a93a       0x64 ./Middlewares/ST/STM32_USB_Device_Library/Core/Src/usbd_core.o
                0x000000000800a93a                USBD_LL_IsoOUTIncomplete
 .text.USBD_LL_DevConnected
                0x000000000800a99e       0x16 ./Middlewares/ST/STM32_USB_Device_Library/Core/Src/usbd_core.o
                0x000000000800a99e                USBD_LL_DevConnected
 .text.USBD_LL_DevDisconnected
                0x000000000800a9b4       0x46 ./Middlewares/ST/STM32_USB_Device_Library/Core/Src/usbd_core.o
                0x000000000800a9b4                USBD_LL_DevDisconnected
 .text.USBD_CoreFindIF
                0x000000000800a9fa       0x1a ./Middlewares/ST/STM32_USB_Device_Library/Core/Src/usbd_core.o
                0x000000000800a9fa                USBD_CoreFindIF
 .text.USBD_CoreFindEP
                0x000000000800aa14       0x1a ./Middlewares/ST/STM32_USB_Device_Library/Core/Src/usbd_core.o
                0x000000000800aa14                USBD_CoreFindEP
 .text.USBD_GetEpDesc
                0x000000000800aa2e       0x74 ./Middlewares/ST/STM32_USB_Device_Library/Core/Src/usbd_core.o
                0x000000000800aa2e                USBD_GetEpDesc
 .text.USBD_GetNextDesc
                0x000000000800aaa2       0x3a ./Middlewares/ST/STM32_USB_Device_Library/Core/Src/usbd_core.o
                0x000000000800aaa2                USBD_GetNextDesc
 .text.SWAPBYTE
                0x000000000800aadc       0x3c ./Middlewares/ST/STM32_USB_Device_Library/Core/Src/usbd_ctlreq.o
 .text.USBD_StdDevReq
                0x000000000800ab18       0xe4 ./Middlewares/ST/STM32_USB_Device_Library/Core/Src/usbd_ctlreq.o
                0x000000000800ab18                USBD_StdDevReq
 .text.USBD_StdItfReq
                0x000000000800abfc       0xd8 ./Middlewares/ST/STM32_USB_Device_Library/Core/Src/usbd_ctlreq.o
                0x000000000800abfc                USBD_StdItfReq
 .text.USBD_StdEPReq
                0x000000000800acd4      0x33a ./Middlewares/ST/STM32_USB_Device_Library/Core/Src/usbd_ctlreq.o
                0x000000000800acd4                USBD_StdEPReq
 *fill*         0x000000000800b00e        0x2 
 .text.USBD_GetDescriptor
                0x000000000800b010      0x2d4 ./Middlewares/ST/STM32_USB_Device_Library/Core/Src/usbd_ctlreq.o
 .text.USBD_SetAddress
                0x000000000800b2e4       0x88 ./Middlewares/ST/STM32_USB_Device_Library/Core/Src/usbd_ctlreq.o
 .text.USBD_SetConfig
                0x000000000800b36c      0x154 ./Middlewares/ST/STM32_USB_Device_Library/Core/Src/usbd_ctlreq.o
 .text.USBD_GetConfig
                0x000000000800b4c0       0x6c ./Middlewares/ST/STM32_USB_Device_Library/Core/Src/usbd_ctlreq.o
 .text.USBD_GetStatus
                0x000000000800b52c       0x68 ./Middlewares/ST/STM32_USB_Device_Library/Core/Src/usbd_ctlreq.o
 .text.USBD_SetFeature
                0x000000000800b594       0x52 ./Middlewares/ST/STM32_USB_Device_Library/Core/Src/usbd_ctlreq.o
 .text.USBD_ClrFeature
                0x000000000800b5e6       0x44 ./Middlewares/ST/STM32_USB_Device_Library/Core/Src/usbd_ctlreq.o
 .text.USBD_ParseSetupRequest
                0x000000000800b62a       0x74 ./Middlewares/ST/STM32_USB_Device_Library/Core/Src/usbd_ctlreq.o
                0x000000000800b62a                USBD_ParseSetupRequest
 .text.USBD_CtlError
                0x000000000800b69e       0x22 ./Middlewares/ST/STM32_USB_Device_Library/Core/Src/usbd_ctlreq.o
                0x000000000800b69e                USBD_CtlError
 .text.USBD_GetString
                0x000000000800b6c0       0x8c ./Middlewares/ST/STM32_USB_Device_Library/Core/Src/usbd_ctlreq.o
                0x000000000800b6c0                USBD_GetString
 .text.USBD_GetLen
                0x000000000800b74c       0x34 ./Middlewares/ST/STM32_USB_Device_Library/Core/Src/usbd_ctlreq.o
 .text.USBD_CtlSendData
                0x000000000800b780       0x36 ./Middlewares/ST/STM32_USB_Device_Library/Core/Src/usbd_ioreq.o
                0x000000000800b780                USBD_CtlSendData
 .text.USBD_CtlContinueSendData
                0x000000000800b7b6       0x22 ./Middlewares/ST/STM32_USB_Device_Library/Core/Src/usbd_ioreq.o
                0x000000000800b7b6                USBD_CtlContinueSendData
 .text.USBD_CtlPrepareRx
                0x000000000800b7d8       0x3a ./Middlewares/ST/STM32_USB_Device_Library/Core/Src/usbd_ioreq.o
                0x000000000800b7d8                USBD_CtlPrepareRx
 .text.USBD_CtlContinueRx
                0x000000000800b812       0x22 ./Middlewares/ST/STM32_USB_Device_Library/Core/Src/usbd_ioreq.o
                0x000000000800b812                USBD_CtlContinueRx
 .text.USBD_CtlSendStatus
                0x000000000800b834       0x26 ./Middlewares/ST/STM32_USB_Device_Library/Core/Src/usbd_ioreq.o
                0x000000000800b834                USBD_CtlSendStatus
 .text.USBD_CtlReceiveStatus
                0x000000000800b85a       0x26 ./Middlewares/ST/STM32_USB_Device_Library/Core/Src/usbd_ioreq.o
                0x000000000800b85a                USBD_CtlReceiveStatus
 .text.MX_USB_DEVICE_Init
                0x000000000800b880       0x60 ./USB_DEVICE/App/usb_device.o
                0x000000000800b880                MX_USB_DEVICE_Init
 .text.CDC_Init_FS
                0x000000000800b8e0       0x28 ./USB_DEVICE/App/usbd_cdc_if.o
 .text.CDC_DeInit_FS
                0x000000000800b908       0x10 ./USB_DEVICE/App/usbd_cdc_if.o
 .text.CDC_Control_FS
                0x000000000800b918      0x160 ./USB_DEVICE/App/usbd_cdc_if.o
 .text.CDC_Receive_FS
                0x000000000800ba78       0x58 ./USB_DEVICE/App/usbd_cdc_if.o
 .text.CDC_Transmit_FS
                0x000000000800bad0       0x50 ./USB_DEVICE/App/usbd_cdc_if.o
                0x000000000800bad0                CDC_Transmit_FS
 .text.CDC_TransmitCplt_FS
                0x000000000800bb20       0x22 ./USB_DEVICE/App/usbd_cdc_if.o
 *fill*         0x000000000800bb42        0x2 
 .text.USBD_FS_DeviceDescriptor
                0x000000000800bb44       0x24 ./USB_DEVICE/App/usbd_desc.o
                0x000000000800bb44                USBD_FS_DeviceDescriptor
 .text.USBD_FS_LangIDStrDescriptor
                0x000000000800bb68       0x24 ./USB_DEVICE/App/usbd_desc.o
                0x000000000800bb68                USBD_FS_LangIDStrDescriptor
 .text.USBD_FS_ProductStrDescriptor
                0x000000000800bb8c       0x3c ./USB_DEVICE/App/usbd_desc.o
                0x000000000800bb8c                USBD_FS_ProductStrDescriptor
 .text.USBD_FS_ManufacturerStrDescriptor
                0x000000000800bbc8       0x28 ./USB_DEVICE/App/usbd_desc.o
                0x000000000800bbc8                USBD_FS_ManufacturerStrDescriptor
 .text.USBD_FS_SerialStrDescriptor
                0x000000000800bbf0       0x24 ./USB_DEVICE/App/usbd_desc.o
                0x000000000800bbf0                USBD_FS_SerialStrDescriptor
 .text.USBD_FS_ConfigStrDescriptor
                0x000000000800bc14       0x3c ./USB_DEVICE/App/usbd_desc.o
                0x000000000800bc14                USBD_FS_ConfigStrDescriptor
 .text.USBD_FS_InterfaceStrDescriptor
                0x000000000800bc50       0x3c ./USB_DEVICE/App/usbd_desc.o
                0x000000000800bc50                USBD_FS_InterfaceStrDescriptor
 .text.Get_SerialNum
                0x000000000800bc8c       0x58 ./USB_DEVICE/App/usbd_desc.o
 .text.IntToUnicode
                0x000000000800bce4       0x7e ./USB_DEVICE/App/usbd_desc.o
 *fill*         0x000000000800bd62        0x2 
 .text.HAL_PCD_MspInit
                0x000000000800bd64       0xc4 ./USB_DEVICE/Target/usbd_conf.o
                0x000000000800bd64                HAL_PCD_MspInit
 .text.HAL_PCD_SetupStageCallback
                0x000000000800be28       0x24 ./USB_DEVICE/Target/usbd_conf.o
                0x000000000800be28                HAL_PCD_SetupStageCallback
 .text.HAL_PCD_DataOutStageCallback
                0x000000000800be4c       0x36 ./USB_DEVICE/Target/usbd_conf.o
                0x000000000800be4c                HAL_PCD_DataOutStageCallback
 .text.HAL_PCD_DataInStageCallback
                0x000000000800be82       0x34 ./USB_DEVICE/Target/usbd_conf.o
                0x000000000800be82                HAL_PCD_DataInStageCallback
 .text.HAL_PCD_SOFCallback
                0x000000000800beb6       0x1c ./USB_DEVICE/Target/usbd_conf.o
                0x000000000800beb6                HAL_PCD_SOFCallback
 .text.HAL_PCD_ResetCallback
                0x000000000800bed2       0x50 ./USB_DEVICE/Target/usbd_conf.o
                0x000000000800bed2                HAL_PCD_ResetCallback
 *fill*         0x000000000800bf22        0x2 
 .text.HAL_PCD_SuspendCallback
                0x000000000800bf24       0x4c ./USB_DEVICE/Target/usbd_conf.o
                0x000000000800bf24                HAL_PCD_SuspendCallback
 .text.HAL_PCD_ResumeCallback
                0x000000000800bf70       0x1c ./USB_DEVICE/Target/usbd_conf.o
                0x000000000800bf70                HAL_PCD_ResumeCallback
 .text.HAL_PCD_ISOOUTIncompleteCallback
                0x000000000800bf8c       0x24 ./USB_DEVICE/Target/usbd_conf.o
                0x000000000800bf8c                HAL_PCD_ISOOUTIncompleteCallback
 .text.HAL_PCD_ISOINIncompleteCallback
                0x000000000800bfb0       0x24 ./USB_DEVICE/Target/usbd_conf.o
                0x000000000800bfb0                HAL_PCD_ISOINIncompleteCallback
 .text.HAL_PCD_ConnectCallback
                0x000000000800bfd4       0x1c ./USB_DEVICE/Target/usbd_conf.o
                0x000000000800bfd4                HAL_PCD_ConnectCallback
 .text.HAL_PCD_DisconnectCallback
                0x000000000800bff0       0x1c ./USB_DEVICE/Target/usbd_conf.o
                0x000000000800bff0                HAL_PCD_DisconnectCallback
 .text.USBD_LL_Init
                0x000000000800c00c       0x98 ./USB_DEVICE/Target/usbd_conf.o
                0x000000000800c00c                USBD_LL_Init
 .text.USBD_LL_Start
                0x000000000800c0a4       0x36 ./USB_DEVICE/Target/usbd_conf.o
                0x000000000800c0a4                USBD_LL_Start
 .text.USBD_LL_OpenEP
                0x000000000800c0da       0x4c ./USB_DEVICE/Target/usbd_conf.o
                0x000000000800c0da                USBD_LL_OpenEP
 .text.USBD_LL_CloseEP
                0x000000000800c126       0x3e ./USB_DEVICE/Target/usbd_conf.o
                0x000000000800c126                USBD_LL_CloseEP
 .text.USBD_LL_StallEP
                0x000000000800c164       0x3e ./USB_DEVICE/Target/usbd_conf.o
                0x000000000800c164                USBD_LL_StallEP
 .text.USBD_LL_ClearStallEP
                0x000000000800c1a2       0x3e ./USB_DEVICE/Target/usbd_conf.o
                0x000000000800c1a2                USBD_LL_ClearStallEP
 .text.USBD_LL_IsStallEP
                0x000000000800c1e0       0x58 ./USB_DEVICE/Target/usbd_conf.o
                0x000000000800c1e0                USBD_LL_IsStallEP
 .text.USBD_LL_SetUSBAddress
                0x000000000800c238       0x3e ./USB_DEVICE/Target/usbd_conf.o
                0x000000000800c238                USBD_LL_SetUSBAddress
 .text.USBD_LL_Transmit
                0x000000000800c276       0x42 ./USB_DEVICE/Target/usbd_conf.o
                0x000000000800c276                USBD_LL_Transmit
 .text.USBD_LL_PrepareReceive
                0x000000000800c2b8       0x42 ./USB_DEVICE/Target/usbd_conf.o
                0x000000000800c2b8                USBD_LL_PrepareReceive
 .text.USBD_LL_GetRxDataSize
                0x000000000800c2fa       0x26 ./USB_DEVICE/Target/usbd_conf.o
                0x000000000800c2fa                USBD_LL_GetRxDataSize
 .text.USBD_static_malloc
                0x000000000800c320       0x1c ./USB_DEVICE/Target/usbd_conf.o
                0x000000000800c320                USBD_static_malloc
 .text.USBD_static_free
                0x000000000800c33c       0x14 ./USB_DEVICE/Target/usbd_conf.o
                0x000000000800c33c                USBD_static_free
 .text.USBD_Get_USB_Status
                0x000000000800c350       0x58 ./USB_DEVICE/Target/usbd_conf.o
                0x000000000800c350                USBD_Get_USB_Status
 .text.ssd1306_Reset
                0x000000000800c3a8        0xe ./ssd1306/ssd1306.o
                0x000000000800c3a8                ssd1306_Reset
 *fill*         0x000000000800c3b6        0x2 
 .text.ssd1306_WriteCommand
                0x000000000800c3b8       0x30 ./ssd1306/ssd1306.o
                0x000000000800c3b8                ssd1306_WriteCommand
 .text.ssd1306_WriteData
                0x000000000800c3e8       0x34 ./ssd1306/ssd1306.o
                0x000000000800c3e8                ssd1306_WriteData
 .text.ssd1306_Init
                0x000000000800c41c       0xd4 ./ssd1306/ssd1306.o
                0x000000000800c41c                ssd1306_Init
 .text.ssd1306_Fill
                0x000000000800c4f0       0x48 ./ssd1306/ssd1306.o
                0x000000000800c4f0                ssd1306_Fill
 .text.ssd1306_UpdateScreen
                0x000000000800c538       0x50 ./ssd1306/ssd1306.o
                0x000000000800c538                ssd1306_UpdateScreen
 .text.ssd1306_DrawPixel
                0x000000000800c588       0xa8 ./ssd1306/ssd1306.o
                0x000000000800c588                ssd1306_DrawPixel
 .text.ssd1306_WriteChar
                0x000000000800c630      0x110 ./ssd1306/ssd1306.o
                0x000000000800c630                ssd1306_WriteChar
 .text.ssd1306_WriteString
                0x000000000800c740       0x4c ./ssd1306/ssd1306.o
                0x000000000800c740                ssd1306_WriteString
 .text.ssd1306_SetCursor
                0x000000000800c78c       0x30 ./ssd1306/ssd1306.o
                0x000000000800c78c                ssd1306_SetCursor
 .text.ssd1306_Line
                0x000000000800c7bc       0xd8 ./ssd1306/ssd1306.o
                0x000000000800c7bc                ssd1306_Line
 .text.ssd1306_SetContrast
                0x000000000800c894       0x26 ./ssd1306/ssd1306.o
                0x000000000800c894                ssd1306_SetContrast
 *fill*         0x000000000800c8ba        0x2 
 .text.ssd1306_SetDisplayOn
                0x000000000800c8bc       0x3c ./ssd1306/ssd1306.o
                0x000000000800c8bc                ssd1306_SetDisplayOn
 .text.atoi     0x000000000800c8f8        0x8 C:/ST/STM32CubeIDE_1.13.2/STM32CubeIDE/plugins/com.st.stm32cube.ide.mcu.externaltools.gnu-tools-for-stm32.11.3.rel1.win32_1.1.100.202309141235/tools/bin/../lib/gcc/arm-none-eabi/11.3.1/../../../../arm-none-eabi/lib/thumb/v7e-m+fp/hard\libc_nano.a(libc_a-atoi.o)
                0x000000000800c8f8                atoi
 .text._strtol_l.constprop.0
                0x000000000800c900      0x104 C:/ST/STM32CubeIDE_1.13.2/STM32CubeIDE/plugins/com.st.stm32cube.ide.mcu.externaltools.gnu-tools-for-stm32.11.3.rel1.win32_1.1.100.202309141235/tools/bin/../lib/gcc/arm-none-eabi/11.3.1/../../../../arm-none-eabi/lib/thumb/v7e-m+fp/hard\libc_nano.a(libc_a-strtol.o)
 .text.strtol   0x000000000800ca04       0x14 C:/ST/STM32CubeIDE_1.13.2/STM32CubeIDE/plugins/com.st.stm32cube.ide.mcu.externaltools.gnu-tools-for-stm32.11.3.rel1.win32_1.1.100.202309141235/tools/bin/../lib/gcc/arm-none-eabi/11.3.1/../../../../arm-none-eabi/lib/thumb/v7e-m+fp/hard\libc_nano.a(libc_a-strtol.o)
                0x000000000800ca04                strtol
 .text.sprintf  0x000000000800ca18       0x40 C:/ST/STM32CubeIDE_1.13.2/STM32CubeIDE/plugins/com.st.stm32cube.ide.mcu.externaltools.gnu-tools-for-stm32.11.3.rel1.win32_1.1.100.202309141235/tools/bin/../lib/gcc/arm-none-eabi/11.3.1/../../../../arm-none-eabi/lib/thumb/v7e-m+fp/hard\libc_nano.a(libc_a-sprintf.o)
                0x000000000800ca18                siprintf
                0x000000000800ca18                sprintf
 .text.memmove  0x000000000800ca58       0x34 C:/ST/STM32CubeIDE_1.13.2/STM32CubeIDE/plugins/com.st.stm32cube.ide.mcu.externaltools.gnu-tools-for-stm32.11.3.rel1.win32_1.1.100.202309141235/tools/bin/../lib/gcc/arm-none-eabi/11.3.1/../../../../arm-none-eabi/lib/thumb/v7e-m+fp/hard\libc_nano.a(libc_a-memmove.o)
                0x000000000800ca58                memmove
 .text.memset   0x000000000800ca8c       0x10 C:/ST/STM32CubeIDE_1.13.2/STM32CubeIDE/plugins/com.st.stm32cube.ide.mcu.externaltools.gnu-tools-for-stm32.11.3.rel1.win32_1.1.100.202309141235/tools/bin/../lib/gcc/arm-none-eabi/11.3.1/../../../../arm-none-eabi/lib/thumb/v7e-m+fp/hard\libc_nano.a(libc_a-memset.o)
                0x000000000800ca8c                memset
 .text.__errno  0x000000000800ca9c        0xc C:/ST/STM32CubeIDE_1.13.2/STM32CubeIDE/plugins/com.st.stm32cube.ide.mcu.externaltools.gnu-tools-for-stm32.11.3.rel1.win32_1.1.100.202309141235/tools/bin/../lib/gcc/arm-none-eabi/11.3.1/../../../../arm-none-eabi/lib/thumb/v7e-m+fp/hard\libc_nano.a(libc_a-errno.o)
                0x000000000800ca9c                __errno
 .text.__libc_init_array
                0x000000000800caa8       0x48 C:/ST/STM32CubeIDE_1.13.2/STM32CubeIDE/plugins/com.st.stm32cube.ide.mcu.externaltools.gnu-tools-for-stm32.11.3.rel1.win32_1.1.100.202309141235/tools/bin/../lib/gcc/arm-none-eabi/11.3.1/../../../../arm-none-eabi/lib/thumb/v7e-m+fp/hard\libc_nano.a(libc_a-init.o)
                0x000000000800caa8                __libc_init_array
 .text.__retarget_lock_acquire_recursive
                0x000000000800caf0        0x2 C:/ST/STM32CubeIDE_1.13.2/STM32CubeIDE/plugins/com.st.stm32cube.ide.mcu.externaltools.gnu-tools-for-stm32.11.3.rel1.win32_1.1.100.202309141235/tools/bin/../lib/gcc/arm-none-eabi/11.3.1/../../../../arm-none-eabi/lib/thumb/v7e-m+fp/hard\libc_nano.a(libc_a-lock.o)
                0x000000000800caf0                __retarget_lock_acquire_recursive
 .text.__retarget_lock_release_recursive
                0x000000000800caf2        0x2 C:/ST/STM32CubeIDE_1.13.2/STM32CubeIDE/plugins/com.st.stm32cube.ide.mcu.externaltools.gnu-tools-for-stm32.11.3.rel1.win32_1.1.100.202309141235/tools/bin/../lib/gcc/arm-none-eabi/11.3.1/../../../../arm-none-eabi/lib/thumb/v7e-m+fp/hard\libc_nano.a(libc_a-lock.o)
                0x000000000800caf2                __retarget_lock_release_recursive
 .text.memcpy   0x000000000800caf4       0x1c C:/ST/STM32CubeIDE_1.13.2/STM32CubeIDE/plugins/com.st.stm32cube.ide.mcu.externaltools.gnu-tools-for-stm32.11.3.rel1.win32_1.1.100.202309141235/tools/bin/../lib/gcc/arm-none-eabi/11.3.1/../../../../arm-none-eabi/lib/thumb/v7e-m+fp/hard\libc_nano.a(libc_a-memcpy-stub.o)
                0x000000000800caf4                memcpy
 .text._free_r  0x000000000800cb10       0x98 C:/ST/STM32CubeIDE_1.13.2/STM32CubeIDE/plugins/com.st.stm32cube.ide.mcu.externaltools.gnu-tools-for-stm32.11.3.rel1.win32_1.1.100.202309141235/tools/bin/../lib/gcc/arm-none-eabi/11.3.1/../../../../arm-none-eabi/lib/thumb/v7e-m+fp/hard\libc_nano.a(libc_a-freer.o)
                0x000000000800cb10                _free_r
 .text.sbrk_aligned
                0x000000000800cba8       0x40 C:/ST/STM32CubeIDE_1.13.2/STM32CubeIDE/plugins/com.st.stm32cube.ide.mcu.externaltools.gnu-tools-for-stm32.11.3.rel1.win32_1.1.100.202309141235/tools/bin/../lib/gcc/arm-none-eabi/11.3.1/../../../../arm-none-eabi/lib/thumb/v7e-m+fp/hard\libc_nano.a(libc_a-mallocr.o)
 .text._malloc_r
                0x000000000800cbe8      0x100 C:/ST/STM32CubeIDE_1.13.2/STM32CubeIDE/plugins/com.st.stm32cube.ide.mcu.externaltools.gnu-tools-for-stm32.11.3.rel1.win32_1.1.100.202309141235/tools/bin/../lib/gcc/arm-none-eabi/11.3.1/../../../../arm-none-eabi/lib/thumb/v7e-m+fp/hard\libc_nano.a(libc_a-mallocr.o)
                0x000000000800cbe8                _malloc_r
 .text.__malloc_lock
                0x000000000800cce8        0xc C:/ST/STM32CubeIDE_1.13.2/STM32CubeIDE/plugins/com.st.stm32cube.ide.mcu.externaltools.gnu-tools-for-stm32.11.3.rel1.win32_1.1.100.202309141235/tools/bin/../lib/gcc/arm-none-eabi/11.3.1/../../../../arm-none-eabi/lib/thumb/v7e-m+fp/hard\libc_nano.a(libc_a-mlock.o)
                0x000000000800cce8                __malloc_lock
 .text.__malloc_unlock
                0x000000000800ccf4        0xc C:/ST/STM32CubeIDE_1.13.2/STM32CubeIDE/plugins/com.st.stm32cube.ide.mcu.externaltools.gnu-tools-for-stm32.11.3.rel1.win32_1.1.100.202309141235/tools/bin/../lib/gcc/arm-none-eabi/11.3.1/../../../../arm-none-eabi/lib/thumb/v7e-m+fp/hard\libc_nano.a(libc_a-mlock.o)
                0x000000000800ccf4                __malloc_unlock
 .text.__ssputs_r
                0x000000000800cd00       0xb4 C:/ST/STM32CubeIDE_1.13.2/STM32CubeIDE/plugins/com.st.stm32cube.ide.mcu.externaltools.gnu-tools-for-stm32.11.3.rel1.win32_1.1.100.202309141235/tools/bin/../lib/gcc/arm-none-eabi/11.3.1/../../../../arm-none-eabi/lib/thumb/v7e-m+fp/hard\libc_nano.a(libc_a-nano-svfprintf.o)
                0x000000000800cd00                __ssputs_r
 .text._svfprintf_r
                0x000000000800cdb4      0x1fc C:/ST/STM32CubeIDE_1.13.2/STM32CubeIDE/plugins/com.st.stm32cube.ide.mcu.externaltools.gnu-tools-for-stm32.11.3.rel1.win32_1.1.100.202309141235/tools/bin/../lib/gcc/arm-none-eabi/11.3.1/../../../../arm-none-eabi/lib/thumb/v7e-m+fp/hard\libc_nano.a(libc_a-nano-svfprintf.o)
                0x000000000800cdb4                _svfiprintf_r
                0x000000000800cdb4                _svfprintf_r
 .text._printf_common
                0x000000000800cfb0       0xda C:/ST/STM32CubeIDE_1.13.2/STM32CubeIDE/plugins/com.st.stm32cube.ide.mcu.externaltools.gnu-tools-for-stm32.11.3.rel1.win32_1.1.100.202309141235/tools/bin/../lib/gcc/arm-none-eabi/11.3.1/../../../../arm-none-eabi/lib/thumb/v7e-m+fp/hard\libc_nano.a(libc_a-nano-vfprintf_i.o)
                0x000000000800cfb0                _printf_common
 *fill*         0x000000000800d08a        0x2 
 .text._printf_i
                0x000000000800d08c      0x244 C:/ST/STM32CubeIDE_1.13.2/STM32CubeIDE/plugins/com.st.stm32cube.ide.mcu.externaltools.gnu-tools-for-stm32.11.3.rel1.win32_1.1.100.202309141235/tools/bin/../lib/gcc/arm-none-eabi/11.3.1/../../../../arm-none-eabi/lib/thumb/v7e-m+fp/hard\libc_nano.a(libc_a-nano-vfprintf_i.o)
                0x000000000800d08c                _printf_i
 .text._sbrk_r  0x000000000800d2d0       0x20 C:/ST/STM32CubeIDE_1.13.2/STM32CubeIDE/plugins/com.st.stm32cube.ide.mcu.externaltools.gnu-tools-for-stm32.11.3.rel1.win32_1.1.100.202309141235/tools/bin/../lib/gcc/arm-none-eabi/11.3.1/../../../../arm-none-eabi/lib/thumb/v7e-m+fp/hard\libc_nano.a(libc_a-sbrkr.o)
                0x000000000800d2d0                _sbrk_r
 .text._realloc_r
                0x000000000800d2f0       0x5e C:/ST/STM32CubeIDE_1.13.2/STM32CubeIDE/plugins/com.st.stm32cube.ide.mcu.externaltools.gnu-tools-for-stm32.11.3.rel1.win32_1.1.100.202309141235/tools/bin/../lib/gcc/arm-none-eabi/11.3.1/../../../../arm-none-eabi/lib/thumb/v7e-m+fp/hard\libc_nano.a(libc_a-reallocr.o)
                0x000000000800d2f0                _realloc_r
 .text._malloc_usable_size_r
                0x000000000800d34e       0x10 C:/ST/STM32CubeIDE_1.13.2/STM32CubeIDE/plugins/com.st.stm32cube.ide.mcu.externaltools.gnu-tools-for-stm32.11.3.rel1.win32_1.1.100.202309141235/tools/bin/../lib/gcc/arm-none-eabi/11.3.1/../../../../arm-none-eabi/lib/thumb/v7e-m+fp/hard\libc_nano.a(libc_a-msizer.o)
                0x000000000800d34e                _malloc_usable_size_r
 .text.atan2    0x000000000800d35e        0x4 C:/ST/STM32CubeIDE_1.13.2/STM32CubeIDE/plugins/com.st.stm32cube.ide.mcu.externaltools.gnu-tools-for-stm32.11.3.rel1.win32_1.1.100.202309141235/tools/bin/../lib/gcc/arm-none-eabi/11.3.1/../../../../arm-none-eabi/lib/thumb/v7e-m+fp/hard\libm.a(libm_a-w_atan2.o)
                0x000000000800d35e                atan2
 .text.sqrt     0x000000000800d362       0x58 C:/ST/STM32CubeIDE_1.13.2/STM32CubeIDE/plugins/com.st.stm32cube.ide.mcu.externaltools.gnu-tools-for-stm32.11.3.rel1.win32_1.1.100.202309141235/tools/bin/../lib/gcc/arm-none-eabi/11.3.1/../../../../arm-none-eabi/lib/thumb/v7e-m+fp/hard\libm.a(libm_a-w_sqrt.o)
                0x000000000800d362                sqrt
 *fill*         0x000000000800d3ba        0x6 
 .text.atan     0x000000000800d3c0      0x340 C:/ST/STM32CubeIDE_1.13.2/STM32CubeIDE/plugins/com.st.stm32cube.ide.mcu.externaltools.gnu-tools-for-stm32.11.3.rel1.win32_1.1.100.202309141235/tools/bin/../lib/gcc/arm-none-eabi/11.3.1/../../../../arm-none-eabi/lib/thumb/v7e-m+fp/hard\libm.a(libm_a-s_atan.o)
                0x000000000800d3c0                atan
 .text.fabs     0x000000000800d700       0x12 C:/ST/STM32CubeIDE_1.13.2/STM32CubeIDE/plugins/com.st.stm32cube.ide.mcu.externaltools.gnu-tools-for-stm32.11.3.rel1.win32_1.1.100.202309141235/tools/bin/../lib/gcc/arm-none-eabi/11.3.1/../../../../arm-none-eabi/lib/thumb/v7e-m+fp/hard\libm.a(libm_a-s_fabs.o)
                0x000000000800d700                fabs
 *fill*         0x000000000800d712        0x2 
 .text.__ieee754_sqrt
                0x000000000800d714      0x1b4 C:/ST/STM32CubeIDE_1.13.2/STM32CubeIDE/plugins/com.st.stm32cube.ide.mcu.externaltools.gnu-tools-for-stm32.11.3.rel1.win32_1.1.100.202309141235/tools/bin/../lib/gcc/arm-none-eabi/11.3.1/../../../../arm-none-eabi/lib/thumb/v7e-m+fp/hard\libm.a(libm_a-e_sqrt.o)
                0x000000000800d714                __ieee754_sqrt
 .text.__ieee754_atan2
                0x000000000800d8c8      0x18c C:/ST/STM32CubeIDE_1.13.2/STM32CubeIDE/plugins/com.st.stm32cube.ide.mcu.externaltools.gnu-tools-for-stm32.11.3.rel1.win32_1.1.100.202309141235/tools/bin/../lib/gcc/arm-none-eabi/11.3.1/../../../../arm-none-eabi/lib/thumb/v7e-m+fp/hard\libm.a(libm_a-e_atan2.o)
                0x000000000800d8c8                __ieee754_atan2
 *(.glue_7)
 .glue_7        0x000000000800da54        0x0 linker stubs
 *(.glue_7t)
 .glue_7t       0x000000000800da54        0x0 linker stubs
 *(.eh_frame)
 .eh_frame      0x000000000800da54        0x0 C:/ST/STM32CubeIDE_1.13.2/STM32CubeIDE/plugins/com.st.stm32cube.ide.mcu.externaltools.gnu-tools-for-stm32.11.3.rel1.win32_1.1.100.202309141235/tools/bin/../lib/gcc/arm-none-eabi/11.3.1/thumb/v7e-m+fp/hard/crtbegin.o
 *(.init)
 .init          0x000000000800da54        0x4 C:/ST/STM32CubeIDE_1.13.2/STM32CubeIDE/plugins/com.st.stm32cube.ide.mcu.externaltools.gnu-tools-for-stm32.11.3.rel1.win32_1.1.100.202309141235/tools/bin/../lib/gcc/arm-none-eabi/11.3.1/thumb/v7e-m+fp/hard/crti.o
                0x000000000800da54                _init
 .init          0x000000000800da58        0x8 C:/ST/STM32CubeIDE_1.13.2/STM32CubeIDE/plugins/com.st.stm32cube.ide.mcu.externaltools.gnu-tools-for-stm32.11.3.rel1.win32_1.1.100.202309141235/tools/bin/../lib/gcc/arm-none-eabi/11.3.1/thumb/v7e-m+fp/hard/crtn.o
 *(.fini)
 .fini          0x000000000800da60        0x4 C:/ST/STM32CubeIDE_1.13.2/STM32CubeIDE/plugins/com.st.stm32cube.ide.mcu.externaltools.gnu-tools-for-stm32.11.3.rel1.win32_1.1.100.202309141235/tools/bin/../lib/gcc/arm-none-eabi/11.3.1/thumb/v7e-m+fp/hard/crti.o
                0x000000000800da60                _fini
 .fini          0x000000000800da64        0x8 C:/ST/STM32CubeIDE_1.13.2/STM32CubeIDE/plugins/com.st.stm32cube.ide.mcu.externaltools.gnu-tools-for-stm32.11.3.rel1.win32_1.1.100.202309141235/tools/bin/../lib/gcc/arm-none-eabi/11.3.1/thumb/v7e-m+fp/hard/crtn.o
                0x000000000800da6c                . = ALIGN (0x4)
                0x000000000800da6c                _etext = .

.vfp11_veneer   0x000000000800da6c        0x0
 .vfp11_veneer  0x000000000800da6c        0x0 linker stubs

.v4_bx          0x000000000800da6c        0x0
 .v4_bx         0x000000000800da6c        0x0 linker stubs

.iplt           0x000000000800da6c        0x0
 .iplt          0x000000000800da6c        0x0 C:/ST/STM32CubeIDE_1.13.2/STM32CubeIDE/plugins/com.st.stm32cube.ide.mcu.externaltools.gnu-tools-for-stm32.11.3.rel1.win32_1.1.100.202309141235/tools/bin/../lib/gcc/arm-none-eabi/11.3.1/thumb/v7e-m+fp/hard/crtbegin.o

.rodata         0x000000000800da70     0x1a98
                0x000000000800da70                . = ALIGN (0x4)
 *(.rodata)
 .rodata        0x000000000800da70       0x73 ./Application/Src/console.o
 *fill*         0x000000000800dae3        0x1 
 .rodata        0x000000000800dae4      0x115 ./Application/Src/consoleCommands.o
 *fill*         0x000000000800dbf9        0x3 
 .rodata        0x000000000800dbfc       0x39 ./Application/Src/displayFunctions.o
 *fill*         0x000000000800dc35        0x3 
 .rodata        0x000000000800dc38        0x7 ./USB_DEVICE/App/usbd_cdc_if.o
 *fill*         0x000000000800dc3f        0x1 
 .rodata        0x000000000800dc40       0x46 ./USB_DEVICE/App/usbd_desc.o
 *(.rodata*)
 *fill*         0x000000000800dc86        0x2 
 .rodata.mConsoleCommandTable
                0x000000000800dc88      0x1f8 ./Application/Src/consoleCommands.o
 .rodata.AHBPrescTable
                0x000000000800de80       0x10 ./Core/Src/system_stm32f4xx.o
                0x000000000800de80                AHBPrescTable
 .rodata.APBPrescTable
                0x000000000800de90        0x8 ./Core/Src/system_stm32f4xx.o
                0x000000000800de90                APBPrescTable
 .rodata.Font7x10
                0x000000000800de98      0x76c ./ssd1306/ssd1306_fonts.o
 .rodata.Font11x18
                0x000000000800e604      0xd5c ./ssd1306/ssd1306_fonts.o
 .rodata._ctype_
                0x000000000800f360      0x101 C:/ST/STM32CubeIDE_1.13.2/STM32CubeIDE/plugins/com.st.stm32cube.ide.mcu.externaltools.gnu-tools-for-stm32.11.3.rel1.win32_1.1.100.202309141235/tools/bin/../lib/gcc/arm-none-eabi/11.3.1/../../../../arm-none-eabi/lib/thumb/v7e-m+fp/hard\libc_nano.a(libc_a-ctype_.o)
                0x000000000800f360                _ctype_
 .rodata._svfprintf_r.str1.1
                0x000000000800f461       0x11 C:/ST/STM32CubeIDE_1.13.2/STM32CubeIDE/plugins/com.st.stm32cube.ide.mcu.externaltools.gnu-tools-for-stm32.11.3.rel1.win32_1.1.100.202309141235/tools/bin/../lib/gcc/arm-none-eabi/11.3.1/../../../../arm-none-eabi/lib/thumb/v7e-m+fp/hard\libc_nano.a(libc_a-nano-svfprintf.o)
 .rodata._printf_i.str1.1
                0x000000000800f472       0x22 C:/ST/STM32CubeIDE_1.13.2/STM32CubeIDE/plugins/com.st.stm32cube.ide.mcu.externaltools.gnu-tools-for-stm32.11.3.rel1.win32_1.1.100.202309141235/tools/bin/../lib/gcc/arm-none-eabi/11.3.1/../../../../arm-none-eabi/lib/thumb/v7e-m+fp/hard\libc_nano.a(libc_a-nano-vfprintf_i.o)
 *fill*         0x000000000800f494        0x4 
 .rodata.atanhi
                0x000000000800f498       0x20 C:/ST/STM32CubeIDE_1.13.2/STM32CubeIDE/plugins/com.st.stm32cube.ide.mcu.externaltools.gnu-tools-for-stm32.11.3.rel1.win32_1.1.100.202309141235/tools/bin/../lib/gcc/arm-none-eabi/11.3.1/../../../../arm-none-eabi/lib/thumb/v7e-m+fp/hard\libm.a(libm_a-s_atan.o)
 .rodata.atanlo
                0x000000000800f4b8       0x20 C:/ST/STM32CubeIDE_1.13.2/STM32CubeIDE/plugins/com.st.stm32cube.ide.mcu.externaltools.gnu-tools-for-stm32.11.3.rel1.win32_1.1.100.202309141235/tools/bin/../lib/gcc/arm-none-eabi/11.3.1/../../../../arm-none-eabi/lib/thumb/v7e-m+fp/hard\libm.a(libm_a-s_atan.o)
 .rodata.CSWTCH.8
                0x000000000800f4d8       0x18 C:/ST/STM32CubeIDE_1.13.2/STM32CubeIDE/plugins/com.st.stm32cube.ide.mcu.externaltools.gnu-tools-for-stm32.11.3.rel1.win32_1.1.100.202309141235/tools/bin/../lib/gcc/arm-none-eabi/11.3.1/../../../../arm-none-eabi/lib/thumb/v7e-m+fp/hard\libm.a(libm_a-e_atan2.o)
 .rodata.CSWTCH.9
                0x000000000800f4f0       0x18 C:/ST/STM32CubeIDE_1.13.2/STM32CubeIDE/plugins/com.st.stm32cube.ide.mcu.externaltools.gnu-tools-for-stm32.11.3.rel1.win32_1.1.100.202309141235/tools/bin/../lib/gcc/arm-none-eabi/11.3.1/../../../../arm-none-eabi/lib/thumb/v7e-m+fp/hard\libm.a(libm_a-e_atan2.o)
                0x000000000800f508                . = ALIGN (0x4)

.ARM.extab      0x000000000800f508        0x0
                0x000000000800f508                . = ALIGN (0x4)
 *(.ARM.extab* .gnu.linkonce.armextab.*)
                0x000000000800f508                . = ALIGN (0x4)

.ARM            0x000000000800f508        0x8
                0x000000000800f508                . = ALIGN (0x4)
                0x000000000800f508                __exidx_start = .
 *(.ARM.exidx*)
 .ARM.exidx     0x000000000800f508        0x8 C:/ST/STM32CubeIDE_1.13.2/STM32CubeIDE/plugins/com.st.stm32cube.ide.mcu.externaltools.gnu-tools-for-stm32.11.3.rel1.win32_1.1.100.202309141235/tools/bin/../lib/gcc/arm-none-eabi/11.3.1/thumb/v7e-m+fp/hard\libgcc.a(_udivmoddi4.o)
                0x000000000800f510                __exidx_end = .
                0x000000000800f510                . = ALIGN (0x4)

.rel.dyn        0x000000000800f510        0x0
 .rel.iplt      0x000000000800f510        0x0 C:/ST/STM32CubeIDE_1.13.2/STM32CubeIDE/plugins/com.st.stm32cube.ide.mcu.externaltools.gnu-tools-for-stm32.11.3.rel1.win32_1.1.100.202309141235/tools/bin/../lib/gcc/arm-none-eabi/11.3.1/thumb/v7e-m+fp/hard/crtbegin.o

.preinit_array  0x000000000800f510        0x0
                0x000000000800f510                . = ALIGN (0x4)
                0x000000000800f510                PROVIDE (__preinit_array_start = .)
 *(.preinit_array*)
                0x000000000800f510                PROVIDE (__preinit_array_end = .)
                0x000000000800f510                . = ALIGN (0x4)

.init_array     0x000000000800f510        0x4
                0x000000000800f510                . = ALIGN (0x4)
                0x000000000800f510                PROVIDE (__init_array_start = .)
 *(SORT_BY_NAME(.init_array.*))
 *(.init_array*)
 .init_array    0x000000000800f510        0x4 C:/ST/STM32CubeIDE_1.13.2/STM32CubeIDE/plugins/com.st.stm32cube.ide.mcu.externaltools.gnu-tools-for-stm32.11.3.rel1.win32_1.1.100.202309141235/tools/bin/../lib/gcc/arm-none-eabi/11.3.1/thumb/v7e-m+fp/hard/crtbegin.o
                0x000000000800f514                PROVIDE (__init_array_end = .)
                0x000000000800f514                . = ALIGN (0x4)

.fini_array     0x000000000800f514        0x4
                0x000000000800f514                . = ALIGN (0x4)
                [!provide]                        PROVIDE (__fini_array_start = .)
 *(SORT_BY_NAME(.fini_array.*))
 *(.fini_array*)
 .fini_array    0x000000000800f514        0x4 C:/ST/STM32CubeIDE_1.13.2/STM32CubeIDE/plugins/com.st.stm32cube.ide.mcu.externaltools.gnu-tools-for-stm32.11.3.rel1.win32_1.1.100.202309141235/tools/bin/../lib/gcc/arm-none-eabi/11.3.1/thumb/v7e-m+fp/hard/crtbegin.o
                [!provide]                        PROVIDE (__fini_array_end = .)
                0x000000000800f518                . = ALIGN (0x4)
                0x000000000800f518                _sidata = LOADADDR (.data)

.data           0x0000000020000000      0x210 load address 0x000000000800f518
                0x0000000020000000                . = ALIGN (0x4)
                0x0000000020000000                _sdata = .
 *(.data)
 *(.data*)
 .data.SpixTimeout
                0x0000000020000000        0x4 ./Application/Src/accelero_io.o
                0x0000000020000000                SpixTimeout
 .data.lFunctionStaticVariable.1
                0x0000000020000004        0x4 ./Application/Src/app.o
 .data.KalmanX  0x0000000020000008       0x48 ./Application/Src/mpu6050.o
                0x0000000020000008                KalmanX
 .data.KalmanY  0x0000000020000050       0x48 ./Application/Src/mpu6050.o
                0x0000000020000050                KalmanY
 .data.gStaticVariable
                0x0000000020000098        0x4 ./Core/Src/main.o
 .data.gGlobalVariableInit
                0x000000002000009c        0x4 ./Core/Src/main.o
                0x000000002000009c                gGlobalVariableInit
 .data.gGlobalSmallVariableInit
                0x00000000200000a0        0x1 ./Core/Src/main.o
                0x00000000200000a0                gGlobalSmallVariableInit
 *fill*         0x00000000200000a1        0x3 
 .data.SystemCoreClock
                0x00000000200000a4        0x4 ./Core/Src/system_stm32f4xx.o
                0x00000000200000a4                SystemCoreClock
 .data.uwTickPrio
                0x00000000200000a8        0x4 ./Drivers/STM32F4xx_HAL_Driver/Src/stm32f4xx_hal.o
                0x00000000200000a8                uwTickPrio
 .data.uwTickFreq
                0x00000000200000ac        0x1 ./Drivers/STM32F4xx_HAL_Driver/Src/stm32f4xx_hal.o
                0x00000000200000ac                uwTickFreq
 *fill*         0x00000000200000ad        0x3 
 .data.USBD_CDC_DeviceQualifierDesc
                0x00000000200000b0        0xa ./Middlewares/ST/STM32_USB_Device_Library/Class/CDC/Src/usbd_cdc.o
 *fill*         0x00000000200000ba        0x2 
 .data.USBD_CDC
                0x00000000200000bc       0x38 ./Middlewares/ST/STM32_USB_Device_Library/Class/CDC/Src/usbd_cdc.o
                0x00000000200000bc                USBD_CDC
 .data.USBD_CDC_CfgDesc
                0x00000000200000f4       0x43 ./Middlewares/ST/STM32_USB_Device_Library/Class/CDC/Src/usbd_cdc.o
 .data.CDCInEpAdd
                0x0000000020000137        0x1 ./Middlewares/ST/STM32_USB_Device_Library/Class/CDC/Src/usbd_cdc.o
 .data.CDCOutEpAdd
                0x0000000020000138        0x1 ./Middlewares/ST/STM32_USB_Device_Library/Class/CDC/Src/usbd_cdc.o
 .data.CDCCmdEpAdd
                0x0000000020000139        0x1 ./Middlewares/ST/STM32_USB_Device_Library/Class/CDC/Src/usbd_cdc.o
 *fill*         0x000000002000013a        0x2 
 .data.USBD_Interface_fops_FS
                0x000000002000013c       0x14 ./USB_DEVICE/App/usbd_cdc_if.o
                0x000000002000013c                USBD_Interface_fops_FS
 .data.FS_Desc  0x0000000020000150       0x1c ./USB_DEVICE/App/usbd_desc.o
                0x0000000020000150                FS_Desc
 .data.USBD_FS_DeviceDesc
                0x000000002000016c       0x12 ./USB_DEVICE/App/usbd_desc.o
                0x000000002000016c                USBD_FS_DeviceDesc
 *fill*         0x000000002000017e        0x2 
 .data.USBD_LangIDDesc
                0x0000000020000180        0x4 ./USB_DEVICE/App/usbd_desc.o
                0x0000000020000180                USBD_LangIDDesc
 .data.USBD_StringSerial
                0x0000000020000184       0x1a ./USB_DEVICE/App/usbd_desc.o
                0x0000000020000184                USBD_StringSerial
 *fill*         0x000000002000019e        0x2 
 .data.Font_7x10
                0x00000000200001a0        0x8 ./ssd1306/ssd1306_fonts.o
                0x00000000200001a0                Font_7x10
 .data.Font_11x18